                                      1 ;--------------------------------------------------------
                                      2 ; File Created by SDCC : free open source ANSI-C Compiler
                                      3 ; Version 4.1.6 #12539 (MINGW32)
                                      4 ;--------------------------------------------------------
                                      5 	.module main
                                      6 	.optsdcc -mgbz80
                                      7 	
                                      8 ;--------------------------------------------------------
                                      9 ; Public variables in this module
                                     10 ;--------------------------------------------------------
                                     11 	.globl _main
                                     12 	.globl _set_bkg_tiles
                                     13 	.globl _set_bkg_data
                                     14 	.globl _delay
                                     15 	.globl _map
                                     16 	.globl _tiles
                                     17 ;--------------------------------------------------------
                                     18 ; special function registers
                                     19 ;--------------------------------------------------------
                                     20 ;--------------------------------------------------------
                                     21 ; ram data
                                     22 ;--------------------------------------------------------
                                     23 	.area _DATA
                                     24 ;--------------------------------------------------------
                                     25 ; ram data
                                     26 ;--------------------------------------------------------
                                     27 	.area _INITIALIZED
      000000                         28 _tiles::
      000000                         29 	.ds 192
      0000C0                         30 _map::
      0000C0                         31 	.ds 720
                                     32 ;--------------------------------------------------------
                                     33 ; absolute external ram data
                                     34 ;--------------------------------------------------------
                                     35 	.area _DABS (ABS)
                                     36 ;--------------------------------------------------------
                                     37 ; global & static initialisations
                                     38 ;--------------------------------------------------------
                                     39 	.area _HOME
                                     40 	.area _GSINIT
                                     41 	.area _GSFINAL
                                     42 	.area _GSINIT
                                     43 ;--------------------------------------------------------
                                     44 ; Home
                                     45 ;--------------------------------------------------------
                                     46 	.area _HOME
                                     47 	.area _HOME
                                     48 ;--------------------------------------------------------
                                     49 ; code
                                     50 ;--------------------------------------------------------
                                     51 	.area _CODE
                                     52 ;main.c:5: void main(){
                                     53 ;	---------------------------------
                                     54 ; Function main
                                     55 ; ---------------------------------
      000000                         56 _main::
                                     57 ;main.c:7: set_bkg_data(0, 12, tiles);
      000000 11r00r00                58 	ld	de, #_tiles
      000003 D5                      59 	push	de
      000004 21 00 0C                60 	ld	hl, #0xc00
      000007 E5                      61 	push	hl
      000008 CDr00r00                62 	call	_set_bkg_data
      00000B E8 04                   63 	add	sp, #4
                                     64 ;main.c:8: set_bkg_tiles(0,0,40,18,map);
      00000D 11rC0r00                65 	ld	de, #_map
      000010 D5                      66 	push	de
      000011 21 28 12                67 	ld	hl, #0x1228
      000014 E5                      68 	push	hl
      000015 AF                      69 	xor	a, a
      000016 0F                      70 	rrca
      000017 F5                      71 	push	af
      000018 CDr00r00                72 	call	_set_bkg_tiles
      00001B E8 06                   73 	add	sp, #6
                                     74 ;main.c:12: SHOW_BKG;
      00001D F0r00                   75 	ldh	a, (_LCDC_REG + 0)
      00001F F6 01                   76 	or	a, #0x01
      000021 E0r00                   77 	ldh	(_LCDC_REG + 0), a
                                     78 ;main.c:14: DISPLAY_ON;
      000023 F0r00                   79 	ldh	a, (_LCDC_REG + 0)
      000025 F6 80                   80 	or	a, #0x80
      000027 E0r00                   81 	ldh	(_LCDC_REG + 0), a
                                     82 ;main.c:16: while(1){
      000029                         83 00102$:
                                     84 ;c:/gbdk/include/gb/gb.h:1094: SCX_REG+=x, SCY_REG+=y;
      000029 F0r00                   85 	ldh	a, (_SCX_REG + 0)
      00002B 3C                      86 	inc	a
      00002C E0r00                   87 	ldh	(_SCX_REG + 0), a
                                     88 ;main.c:18: delay(100);
      00002E 11 64 00                89 	ld	de, #0x0064
      000031 D5                      90 	push	de
      000032 CDr00r00                91 	call	_delay
      000035 E1                      92 	pop	hl
                                     93 ;main.c:53: }
      000036 18 F1                   94 	jr	00102$
                                     95 	.area _CODE
                                     96 	.area _INITIALIZER
      000000                         97 __xinit__tiles:
      000000 66                      98 	.db #0x66	; 102	'f'
      000001 24                      99 	.db #0x24	; 36
      000002 3C                     100 	.db #0x3c	; 60
      000003 18                     101 	.db #0x18	; 24
      000004 18                     102 	.db #0x18	; 24
      000005 24                     103 	.db #0x24	; 36
      000006 5A                     104 	.db #0x5a	; 90	'Z'
      000007 00                     105 	.db #0x00	; 0
      000008 DB                     106 	.db #0xdb	; 219
      000009 18                     107 	.db #0x18	; 24
      00000A 3C                     108 	.db #0x3c	; 60
      00000B 3C                     109 	.db #0x3c	; 60
      00000C 7E                     110 	.db #0x7e	; 126
      00000D 7E                     111 	.db #0x7e	; 126
      00000E 7E                     112 	.db #0x7e	; 126
      00000F 7E                     113 	.db #0x7e	; 126
      000010 18                     114 	.db #0x18	; 24
      000011 18                     115 	.db #0x18	; 24
      000012 18                     116 	.db #0x18	; 24
      000013 18                     117 	.db #0x18	; 24
      000014 3C                     118 	.db #0x3c	; 60
      000015 3C                     119 	.db #0x3c	; 60
      000016 18                     120 	.db #0x18	; 24
      000017 00                     121 	.db #0x00	; 0
      000018 3C                     122 	.db #0x3c	; 60
      000019 00                     123 	.db #0x00	; 0
      00001A 3C                     124 	.db #0x3c	; 60
      00001B 3C                     125 	.db #0x3c	; 60
      00001C 7E                     126 	.db #0x7e	; 126
      00001D 7E                     127 	.db #0x7e	; 126
      00001E 7E                     128 	.db #0x7e	; 126
      00001F 7E                     129 	.db #0x7e	; 126
      000020 12                     130 	.db #0x12	; 18
      000021 12                     131 	.db #0x12	; 18
      000022 61                     132 	.db #0x61	; 97	'a'
      000023 61                     133 	.db #0x61	; 97	'a'
      000024 96                     134 	.db #0x96	; 150
      000025 96                     135 	.db #0x96	; 150
      000026 1C                     136 	.db #0x1c	; 28
      000027 1C                     137 	.db #0x1c	; 28
      000028 62                     138 	.db #0x62	; 98	'b'
      000029 62                     139 	.db #0x62	; 98	'b'
      00002A 53                     140 	.db #0x53	; 83	'S'
      00002B 53                     141 	.db #0x53	; 83	'S'
      00002C 9E                     142 	.db #0x9e	; 158
      00002D 9E                     143 	.db #0x9e	; 158
      00002E 22                     144 	.db #0x22	; 34
      00002F 22                     145 	.db #0x22	; 34
      000030 FF                     146 	.db #0xff	; 255
      000031 FF                     147 	.db #0xff	; 255
      000032 01                     148 	.db #0x01	; 1
      000033 01                     149 	.db #0x01	; 1
      000034 01                     150 	.db #0x01	; 1
      000035 01                     151 	.db #0x01	; 1
      000036 01                     152 	.db #0x01	; 1
      000037 01                     153 	.db #0x01	; 1
      000038 FF                     154 	.db #0xff	; 255
      000039 FF                     155 	.db #0xff	; 255
      00003A 10                     156 	.db #0x10	; 16
      00003B 10                     157 	.db #0x10	; 16
      00003C 10                     158 	.db #0x10	; 16
      00003D 10                     159 	.db #0x10	; 16
      00003E 10                     160 	.db #0x10	; 16
      00003F 10                     161 	.db #0x10	; 16
      000040 FF                     162 	.db #0xff	; 255
      000041 FF                     163 	.db #0xff	; 255
      000042 01                     164 	.db #0x01	; 1
      000043 01                     165 	.db #0x01	; 1
      000044 01                     166 	.db #0x01	; 1
      000045 01                     167 	.db #0x01	; 1
      000046 01                     168 	.db #0x01	; 1
      000047 01                     169 	.db #0x01	; 1
      000048 FF                     170 	.db #0xff	; 255
      000049 FF                     171 	.db #0xff	; 255
      00004A 11                     172 	.db #0x11	; 17
      00004B 11                     173 	.db #0x11	; 17
      00004C 11                     174 	.db #0x11	; 17
      00004D 11                     175 	.db #0x11	; 17
      00004E 11                     176 	.db #0x11	; 17
      00004F 11                     177 	.db #0x11	; 17
      000050 FF                     178 	.db #0xff	; 255
      000051 FF                     179 	.db #0xff	; 255
      000052 80                     180 	.db #0x80	; 128
      000053 80                     181 	.db #0x80	; 128
      000054 80                     182 	.db #0x80	; 128
      000055 80                     183 	.db #0x80	; 128
      000056 80                     184 	.db #0x80	; 128
      000057 80                     185 	.db #0x80	; 128
      000058 FF                     186 	.db #0xff	; 255
      000059 FF                     187 	.db #0xff	; 255
      00005A 88                     188 	.db #0x88	; 136
      00005B 88                     189 	.db #0x88	; 136
      00005C 88                     190 	.db #0x88	; 136
      00005D 88                     191 	.db #0x88	; 136
      00005E 88                     192 	.db #0x88	; 136
      00005F 88                     193 	.db #0x88	; 136
      000060 81                     194 	.db #0x81	; 129
      000061 00                     195 	.db #0x00	; 0
      000062 42                     196 	.db #0x42	; 66	'B'
      000063 00                     197 	.db #0x00	; 0
      000064 24                     198 	.db #0x24	; 36
      000065 00                     199 	.db #0x00	; 0
      000066 18                     200 	.db #0x18	; 24
      000067 00                     201 	.db #0x00	; 0
      000068 18                     202 	.db #0x18	; 24
      000069 00                     203 	.db #0x00	; 0
      00006A 24                     204 	.db #0x24	; 36
      00006B 00                     205 	.db #0x00	; 0
      00006C 42                     206 	.db #0x42	; 66	'B'
      00006D 00                     207 	.db #0x00	; 0
      00006E 81                     208 	.db #0x81	; 129
      00006F 00                     209 	.db #0x00	; 0
      000070 FF                     210 	.db #0xff	; 255
      000071 00                     211 	.db #0x00	; 0
      000072 81                     212 	.db #0x81	; 129
      000073 00                     213 	.db #0x00	; 0
      000074 BD                     214 	.db #0xbd	; 189
      000075 00                     215 	.db #0x00	; 0
      000076 A5                     216 	.db #0xa5	; 165
      000077 00                     217 	.db #0x00	; 0
      000078 A5                     218 	.db #0xa5	; 165
      000079 00                     219 	.db #0x00	; 0
      00007A BD                     220 	.db #0xbd	; 189
      00007B 00                     221 	.db #0x00	; 0
      00007C 81                     222 	.db #0x81	; 129
      00007D 00                     223 	.db #0x00	; 0
      00007E FF                     224 	.db #0xff	; 255
      00007F 00                     225 	.db #0x00	; 0
      000080 55                     226 	.db #0x55	; 85	'U'
      000081 00                     227 	.db #0x00	; 0
      000082 AA                     228 	.db #0xaa	; 170
      000083 00                     229 	.db #0x00	; 0
      000084 55                     230 	.db #0x55	; 85	'U'
      000085 00                     231 	.db #0x00	; 0
      000086 AA                     232 	.db #0xaa	; 170
      000087 00                     233 	.db #0x00	; 0
      000088 55                     234 	.db #0x55	; 85	'U'
      000089 00                     235 	.db #0x00	; 0
      00008A AA                     236 	.db #0xaa	; 170
      00008B 00                     237 	.db #0x00	; 0
      00008C 55                     238 	.db #0x55	; 85	'U'
      00008D 00                     239 	.db #0x00	; 0
      00008E AA                     240 	.db #0xaa	; 170
      00008F 00                     241 	.db #0x00	; 0
      000090 00                     242 	.db #0x00	; 0
      000091 00                     243 	.db #0x00	; 0
      000092 00                     244 	.db #0x00	; 0
      000093 00                     245 	.db #0x00	; 0
      000094 00                     246 	.db #0x00	; 0
      000095 00                     247 	.db #0x00	; 0
      000096 00                     248 	.db #0x00	; 0
      000097 00                     249 	.db #0x00	; 0
      000098 00                     250 	.db #0x00	; 0
      000099 00                     251 	.db #0x00	; 0
      00009A FF                     252 	.db #0xff	; 255
      00009B FF                     253 	.db #0xff	; 255
      00009C 00                     254 	.db #0x00	; 0
      00009D FF                     255 	.db #0xff	; 255
      00009E FF                     256 	.db #0xff	; 255
      00009F 00                     257 	.db #0x00	; 0
      0000A0 00                     258 	.db #0x00	; 0
      0000A1 00                     259 	.db #0x00	; 0
      0000A2 00                     260 	.db #0x00	; 0
      0000A3 00                     261 	.db #0x00	; 0
      0000A4 00                     262 	.db #0x00	; 0
      0000A5 00                     263 	.db #0x00	; 0
      0000A6 00                     264 	.db #0x00	; 0
      0000A7 00                     265 	.db #0x00	; 0
      0000A8 AA                     266 	.db #0xaa	; 170
      0000A9 00                     267 	.db #0x00	; 0
      0000AA 66                     268 	.db #0x66	; 102	'f'
      0000AB 00                     269 	.db #0x00	; 0
      0000AC 33                     270 	.db #0x33	; 51	'3'
      0000AD CC                     271 	.db #0xcc	; 204
      0000AE FF                     272 	.db #0xff	; 255
      0000AF FF                     273 	.db #0xff	; 255
      0000B0 00                     274 	.db #0x00	; 0
      0000B1 FF                     275 	.db #0xff	; 255
      0000B2 00                     276 	.db #0x00	; 0
      0000B3 DD                     277 	.db #0xdd	; 221
      0000B4 00                     278 	.db #0x00	; 0
      0000B5 BB                     279 	.db #0xbb	; 187
      0000B6 00                     280 	.db #0x00	; 0
      0000B7 FF                     281 	.db #0xff	; 255
      0000B8 00                     282 	.db #0x00	; 0
      0000B9 FF                     283 	.db #0xff	; 255
      0000BA 00                     284 	.db #0x00	; 0
      0000BB DD                     285 	.db #0xdd	; 221
      0000BC 00                     286 	.db #0x00	; 0
      0000BD BB                     287 	.db #0xbb	; 187
      0000BE 00                     288 	.db #0x00	; 0
      0000BF FF                     289 	.db #0xff	; 255
      0000C0                        290 __xinit__map:
      0000C0 0C                     291 	.db #0x0c	; 12
      0000C1 0C                     292 	.db #0x0c	; 12
      0000C2 0C                     293 	.db #0x0c	; 12
      0000C3 0C                     294 	.db #0x0c	; 12
      0000C4 0C                     295 	.db #0x0c	; 12
      0000C5 0C                     296 	.db #0x0c	; 12
      0000C6 0C                     297 	.db #0x0c	; 12
      0000C7 0C                     298 	.db #0x0c	; 12
      0000C8 0C                     299 	.db #0x0c	; 12
      0000C9 0C                     300 	.db #0x0c	; 12
      0000CA 0C                     301 	.db #0x0c	; 12
      0000CB 0C                     302 	.db #0x0c	; 12
      0000CC 0C                     303 	.db #0x0c	; 12
      0000CD 0C                     304 	.db #0x0c	; 12
      0000CE 0C                     305 	.db #0x0c	; 12
      0000CF 0C                     306 	.db #0x0c	; 12
      0000D0 0C                     307 	.db #0x0c	; 12
      0000D1 0C                     308 	.db #0x0c	; 12
      0000D2 0C                     309 	.db #0x0c	; 12
      0000D3 0C                     310 	.db #0x0c	; 12
      0000D4 0C                     311 	.db #0x0c	; 12
      0000D5 0C                     312 	.db #0x0c	; 12
      0000D6 0C                     313 	.db #0x0c	; 12
      0000D7 0C                     314 	.db #0x0c	; 12
      0000D8 0C                     315 	.db #0x0c	; 12
      0000D9 0C                     316 	.db #0x0c	; 12
      0000DA 0C                     317 	.db #0x0c	; 12
      0000DB 0C                     318 	.db #0x0c	; 12
      0000DC 0C                     319 	.db #0x0c	; 12
      0000DD 0C                     320 	.db #0x0c	; 12
      0000DE 0C                     321 	.db #0x0c	; 12
      0000DF 0C                     322 	.db #0x0c	; 12
      0000E0 0C                     323 	.db #0x0c	; 12
      0000E1 0C                     324 	.db #0x0c	; 12
      0000E2 0C                     325 	.db #0x0c	; 12
      0000E3 0C                     326 	.db #0x0c	; 12
      0000E4 0C                     327 	.db #0x0c	; 12
      0000E5 0C                     328 	.db #0x0c	; 12
      0000E6 0C                     329 	.db #0x0c	; 12
      0000E7 0C                     330 	.db #0x0c	; 12
      0000E8 0C                     331 	.db #0x0c	; 12
      0000E9 0C                     332 	.db #0x0c	; 12
      0000EA 0C                     333 	.db #0x0c	; 12
      0000EB 0C                     334 	.db #0x0c	; 12
      0000EC 0C                     335 	.db #0x0c	; 12
      0000ED 0C                     336 	.db #0x0c	; 12
      0000EE 0C                     337 	.db #0x0c	; 12
      0000EF 0C                     338 	.db #0x0c	; 12
      0000F0 0C                     339 	.db #0x0c	; 12
      0000F1 0C                     340 	.db #0x0c	; 12
      0000F2 0C                     341 	.db #0x0c	; 12
      0000F3 0C                     342 	.db #0x0c	; 12
      0000F4 0C                     343 	.db #0x0c	; 12
      0000F5 0C                     344 	.db #0x0c	; 12
      0000F6 0C                     345 	.db #0x0c	; 12
      0000F7 0C                     346 	.db #0x0c	; 12
      0000F8 0C                     347 	.db #0x0c	; 12
      0000F9 0C                     348 	.db #0x0c	; 12
      0000FA 0C                     349 	.db #0x0c	; 12
      0000FB 0C                     350 	.db #0x0c	; 12
      0000FC 0C                     351 	.db #0x0c	; 12
      0000FD 0C                     352 	.db #0x0c	; 12
      0000FE 0C                     353 	.db #0x0c	; 12
      0000FF 0C                     354 	.db #0x0c	; 12
      000100 0C                     355 	.db #0x0c	; 12
      000101 0C                     356 	.db #0x0c	; 12
      000102 0C                     357 	.db #0x0c	; 12
      000103 0C                     358 	.db #0x0c	; 12
      000104 0C                     359 	.db #0x0c	; 12
      000105 0C                     360 	.db #0x0c	; 12
      000106 0C                     361 	.db #0x0c	; 12
      000107 0C                     362 	.db #0x0c	; 12
      000108 0C                     363 	.db #0x0c	; 12
      000109 0C                     364 	.db #0x0c	; 12
      00010A 0C                     365 	.db #0x0c	; 12
      00010B 0C                     366 	.db #0x0c	; 12
      00010C 0C                     367 	.db #0x0c	; 12
      00010D 0C                     368 	.db #0x0c	; 12
      00010E 0C                     369 	.db #0x0c	; 12
      00010F 0C                     370 	.db #0x0c	; 12
      000110 0C                     371 	.db #0x0c	; 12
      000111 0C                     372 	.db #0x0c	; 12
      000112 0C                     373 	.db #0x0c	; 12
      000113 0C                     374 	.db #0x0c	; 12
      000114 0C                     375 	.db #0x0c	; 12
      000115 0C                     376 	.db #0x0c	; 12
      000116 0C                     377 	.db #0x0c	; 12
      000117 0C                     378 	.db #0x0c	; 12
      000118 0C                     379 	.db #0x0c	; 12
      000119 0C                     380 	.db #0x0c	; 12
      00011A 0C                     381 	.db #0x0c	; 12
      00011B 0C                     382 	.db #0x0c	; 12
      00011C 0C                     383 	.db #0x0c	; 12
      00011D 0C                     384 	.db #0x0c	; 12
      00011E 0C                     385 	.db #0x0c	; 12
      00011F 0C                     386 	.db #0x0c	; 12
      000120 0C                     387 	.db #0x0c	; 12
      000121 0C                     388 	.db #0x0c	; 12
      000122 0C                     389 	.db #0x0c	; 12
      000123 0C                     390 	.db #0x0c	; 12
      000124 0C                     391 	.db #0x0c	; 12
      000125 0C                     392 	.db #0x0c	; 12
      000126 0C                     393 	.db #0x0c	; 12
      000127 0C                     394 	.db #0x0c	; 12
      000128 0C                     395 	.db #0x0c	; 12
      000129 0C                     396 	.db #0x0c	; 12
      00012A 0C                     397 	.db #0x0c	; 12
      00012B 0C                     398 	.db #0x0c	; 12
      00012C 0C                     399 	.db #0x0c	; 12
      00012D 0C                     400 	.db #0x0c	; 12
      00012E 0C                     401 	.db #0x0c	; 12
      00012F 0C                     402 	.db #0x0c	; 12
      000130 0C                     403 	.db #0x0c	; 12
      000131 0C                     404 	.db #0x0c	; 12
      000132 0C                     405 	.db #0x0c	; 12
      000133 0C                     406 	.db #0x0c	; 12
      000134 0C                     407 	.db #0x0c	; 12
      000135 0C                     408 	.db #0x0c	; 12
      000136 0C                     409 	.db #0x0c	; 12
      000137 0C                     410 	.db #0x0c	; 12
      000138 0C                     411 	.db #0x0c	; 12
      000139 0C                     412 	.db #0x0c	; 12
      00013A 0C                     413 	.db #0x0c	; 12
      00013B 0C                     414 	.db #0x0c	; 12
      00013C 0C                     415 	.db #0x0c	; 12
      00013D 0C                     416 	.db #0x0c	; 12
      00013E 0C                     417 	.db #0x0c	; 12
      00013F 0C                     418 	.db #0x0c	; 12
      000140 0C                     419 	.db #0x0c	; 12
      000141 0C                     420 	.db #0x0c	; 12
      000142 0C                     421 	.db #0x0c	; 12
      000143 0C                     422 	.db #0x0c	; 12
      000144 0C                     423 	.db #0x0c	; 12
      000145 0C                     424 	.db #0x0c	; 12
      000146 0C                     425 	.db #0x0c	; 12
      000147 0C                     426 	.db #0x0c	; 12
      000148 0C                     427 	.db #0x0c	; 12
      000149 0C                     428 	.db #0x0c	; 12
      00014A 0C                     429 	.db #0x0c	; 12
      00014B 0C                     430 	.db #0x0c	; 12
      00014C 0C                     431 	.db #0x0c	; 12
      00014D 0C                     432 	.db #0x0c	; 12
      00014E 0C                     433 	.db #0x0c	; 12
      00014F 0C                     434 	.db #0x0c	; 12
      000150 0C                     435 	.db #0x0c	; 12
      000151 0C                     436 	.db #0x0c	; 12
      000152 0C                     437 	.db #0x0c	; 12
      000153 0C                     438 	.db #0x0c	; 12
      000154 0C                     439 	.db #0x0c	; 12
      000155 0C                     440 	.db #0x0c	; 12
      000156 0C                     441 	.db #0x0c	; 12
      000157 0C                     442 	.db #0x0c	; 12
      000158 0C                     443 	.db #0x0c	; 12
      000159 0C                     444 	.db #0x0c	; 12
      00015A 0C                     445 	.db #0x0c	; 12
      00015B 0C                     446 	.db #0x0c	; 12
      00015C 0C                     447 	.db #0x0c	; 12
      00015D 0C                     448 	.db #0x0c	; 12
      00015E 0C                     449 	.db #0x0c	; 12
      00015F 0C                     450 	.db #0x0c	; 12
      000160 0C                     451 	.db #0x0c	; 12
      000161 0C                     452 	.db #0x0c	; 12
      000162 0C                     453 	.db #0x0c	; 12
      000163 0C                     454 	.db #0x0c	; 12
      000164 0C                     455 	.db #0x0c	; 12
      000165 0C                     456 	.db #0x0c	; 12
      000166 0C                     457 	.db #0x0c	; 12
      000167 0C                     458 	.db #0x0c	; 12
      000168 0C                     459 	.db #0x0c	; 12
      000169 0C                     460 	.db #0x0c	; 12
      00016A 0C                     461 	.db #0x0c	; 12
      00016B 00                     462 	.db #0x00	; 0
      00016C 01                     463 	.db #0x01	; 1
      00016D 0C                     464 	.db #0x0c	; 12
      00016E 0C                     465 	.db #0x0c	; 12
      00016F 0C                     466 	.db #0x0c	; 12
      000170 0C                     467 	.db #0x0c	; 12
      000171 0C                     468 	.db #0x0c	; 12
      000172 0C                     469 	.db #0x0c	; 12
      000173 0C                     470 	.db #0x0c	; 12
      000174 0C                     471 	.db #0x0c	; 12
      000175 0C                     472 	.db #0x0c	; 12
      000176 0C                     473 	.db #0x0c	; 12
      000177 0C                     474 	.db #0x0c	; 12
      000178 0C                     475 	.db #0x0c	; 12
      000179 0C                     476 	.db #0x0c	; 12
      00017A 0C                     477 	.db #0x0c	; 12
      00017B 0C                     478 	.db #0x0c	; 12
      00017C 0C                     479 	.db #0x0c	; 12
      00017D 0C                     480 	.db #0x0c	; 12
      00017E 0C                     481 	.db #0x0c	; 12
      00017F 0C                     482 	.db #0x0c	; 12
      000180 0C                     483 	.db #0x0c	; 12
      000181 0C                     484 	.db #0x0c	; 12
      000182 0C                     485 	.db #0x0c	; 12
      000183 0C                     486 	.db #0x0c	; 12
      000184 0C                     487 	.db #0x0c	; 12
      000185 0C                     488 	.db #0x0c	; 12
      000186 0C                     489 	.db #0x0c	; 12
      000187 0C                     490 	.db #0x0c	; 12
      000188 0C                     491 	.db #0x0c	; 12
      000189 0C                     492 	.db #0x0c	; 12
      00018A 0C                     493 	.db #0x0c	; 12
      00018B 0C                     494 	.db #0x0c	; 12
      00018C 0C                     495 	.db #0x0c	; 12
      00018D 0C                     496 	.db #0x0c	; 12
      00018E 0C                     497 	.db #0x0c	; 12
      00018F 0C                     498 	.db #0x0c	; 12
      000190 0C                     499 	.db #0x0c	; 12
      000191 0C                     500 	.db #0x0c	; 12
      000192 07                     501 	.db #0x07	; 7
      000193 07                     502 	.db #0x07	; 7
      000194 07                     503 	.db #0x07	; 7
      000195 0C                     504 	.db #0x0c	; 12
      000196 0C                     505 	.db #0x0c	; 12
      000197 0C                     506 	.db #0x0c	; 12
      000198 0C                     507 	.db #0x0c	; 12
      000199 0C                     508 	.db #0x0c	; 12
      00019A 0C                     509 	.db #0x0c	; 12
      00019B 0C                     510 	.db #0x0c	; 12
      00019C 0C                     511 	.db #0x0c	; 12
      00019D 0C                     512 	.db #0x0c	; 12
      00019E 0C                     513 	.db #0x0c	; 12
      00019F 05                     514 	.db #0x05	; 5
      0001A0 03                     515 	.db #0x03	; 3
      0001A1 03                     516 	.db #0x03	; 3
      0001A2 03                     517 	.db #0x03	; 3
      0001A3 04                     518 	.db #0x04	; 4
      0001A4 0C                     519 	.db #0x0c	; 12
      0001A5 0C                     520 	.db #0x0c	; 12
      0001A6 0C                     521 	.db #0x0c	; 12
      0001A7 0C                     522 	.db #0x0c	; 12
      0001A8 0C                     523 	.db #0x0c	; 12
      0001A9 0C                     524 	.db #0x0c	; 12
      0001AA 0C                     525 	.db #0x0c	; 12
      0001AB 0C                     526 	.db #0x0c	; 12
      0001AC 0C                     527 	.db #0x0c	; 12
      0001AD 0C                     528 	.db #0x0c	; 12
      0001AE 0C                     529 	.db #0x0c	; 12
      0001AF 0C                     530 	.db #0x0c	; 12
      0001B0 0C                     531 	.db #0x0c	; 12
      0001B1 0C                     532 	.db #0x0c	; 12
      0001B2 0C                     533 	.db #0x0c	; 12
      0001B3 07                     534 	.db #0x07	; 7
      0001B4 07                     535 	.db #0x07	; 7
      0001B5 07                     536 	.db #0x07	; 7
      0001B6 07                     537 	.db #0x07	; 7
      0001B7 07                     538 	.db #0x07	; 7
      0001B8 07                     539 	.db #0x07	; 7
      0001B9 07                     540 	.db #0x07	; 7
      0001BA 07                     541 	.db #0x07	; 7
      0001BB 06                     542 	.db #0x06	; 6
      0001BC 07                     543 	.db #0x07	; 7
      0001BD 0C                     544 	.db #0x0c	; 12
      0001BE 0C                     545 	.db #0x0c	; 12
      0001BF 0C                     546 	.db #0x0c	; 12
      0001C0 0C                     547 	.db #0x0c	; 12
      0001C1 0C                     548 	.db #0x0c	; 12
      0001C2 0C                     549 	.db #0x0c	; 12
      0001C3 0C                     550 	.db #0x0c	; 12
      0001C4 0C                     551 	.db #0x0c	; 12
      0001C5 0C                     552 	.db #0x0c	; 12
      0001C6 0C                     553 	.db #0x0c	; 12
      0001C7 05                     554 	.db #0x05	; 5
      0001C8 0B                     555 	.db #0x0b	; 11
      0001C9 0B                     556 	.db #0x0b	; 11
      0001CA 0B                     557 	.db #0x0b	; 11
      0001CB 04                     558 	.db #0x04	; 4
      0001CC 0C                     559 	.db #0x0c	; 12
      0001CD 0C                     560 	.db #0x0c	; 12
      0001CE 0C                     561 	.db #0x0c	; 12
      0001CF 0C                     562 	.db #0x0c	; 12
      0001D0 0C                     563 	.db #0x0c	; 12
      0001D1 0C                     564 	.db #0x0c	; 12
      0001D2 0C                     565 	.db #0x0c	; 12
      0001D3 0C                     566 	.db #0x0c	; 12
      0001D4 0C                     567 	.db #0x0c	; 12
      0001D5 0C                     568 	.db #0x0c	; 12
      0001D6 0C                     569 	.db #0x0c	; 12
      0001D7 0C                     570 	.db #0x0c	; 12
      0001D8 0C                     571 	.db #0x0c	; 12
      0001D9 0C                     572 	.db #0x0c	; 12
      0001DA 0C                     573 	.db #0x0c	; 12
      0001DB 0C                     574 	.db #0x0c	; 12
      0001DC 0C                     575 	.db #0x0c	; 12
      0001DD 0C                     576 	.db #0x0c	; 12
      0001DE 0C                     577 	.db #0x0c	; 12
      0001DF 07                     578 	.db #0x07	; 7
      0001E0 07                     579 	.db #0x07	; 7
      0001E1 06                     580 	.db #0x06	; 6
      0001E2 06                     581 	.db #0x06	; 6
      0001E3 06                     582 	.db #0x06	; 6
      0001E4 07                     583 	.db #0x07	; 7
      0001E5 0C                     584 	.db #0x0c	; 12
      0001E6 0C                     585 	.db #0x0c	; 12
      0001E7 0C                     586 	.db #0x0c	; 12
      0001E8 0C                     587 	.db #0x0c	; 12
      0001E9 0C                     588 	.db #0x0c	; 12
      0001EA 0C                     589 	.db #0x0c	; 12
      0001EB 0C                     590 	.db #0x0c	; 12
      0001EC 0C                     591 	.db #0x0c	; 12
      0001ED 0C                     592 	.db #0x0c	; 12
      0001EE 0C                     593 	.db #0x0c	; 12
      0001EF 05                     594 	.db #0x05	; 5
      0001F0 03                     595 	.db #0x03	; 3
      0001F1 03                     596 	.db #0x03	; 3
      0001F2 03                     597 	.db #0x03	; 3
      0001F3 04                     598 	.db #0x04	; 4
      0001F4 0C                     599 	.db #0x0c	; 12
      0001F5 0C                     600 	.db #0x0c	; 12
      0001F6 0C                     601 	.db #0x0c	; 12
      0001F7 0C                     602 	.db #0x0c	; 12
      0001F8 0C                     603 	.db #0x0c	; 12
      0001F9 0C                     604 	.db #0x0c	; 12
      0001FA 0C                     605 	.db #0x0c	; 12
      0001FB 0C                     606 	.db #0x0c	; 12
      0001FC 0C                     607 	.db #0x0c	; 12
      0001FD 0C                     608 	.db #0x0c	; 12
      0001FE 0C                     609 	.db #0x0c	; 12
      0001FF 0C                     610 	.db #0x0c	; 12
      000200 0C                     611 	.db #0x0c	; 12
      000201 0C                     612 	.db #0x0c	; 12
      000202 0C                     613 	.db #0x0c	; 12
      000203 0C                     614 	.db #0x0c	; 12
      000204 0C                     615 	.db #0x0c	; 12
      000205 0C                     616 	.db #0x0c	; 12
      000206 0C                     617 	.db #0x0c	; 12
      000207 0C                     618 	.db #0x0c	; 12
      000208 07                     619 	.db #0x07	; 7
      000209 07                     620 	.db #0x07	; 7
      00020A 07                     621 	.db #0x07	; 7
      00020B 07                     622 	.db #0x07	; 7
      00020C 07                     623 	.db #0x07	; 7
      00020D 0C                     624 	.db #0x0c	; 12
      00020E 0C                     625 	.db #0x0c	; 12
      00020F 0C                     626 	.db #0x0c	; 12
      000210 0C                     627 	.db #0x0c	; 12
      000211 0C                     628 	.db #0x0c	; 12
      000212 0C                     629 	.db #0x0c	; 12
      000213 0C                     630 	.db #0x0c	; 12
      000214 0C                     631 	.db #0x0c	; 12
      000215 0C                     632 	.db #0x0c	; 12
      000216 0C                     633 	.db #0x0c	; 12
      000217 05                     634 	.db #0x05	; 5
      000218 03                     635 	.db #0x03	; 3
      000219 03                     636 	.db #0x03	; 3
      00021A 03                     637 	.db #0x03	; 3
      00021B 04                     638 	.db #0x04	; 4
      00021C 0C                     639 	.db #0x0c	; 12
      00021D 0C                     640 	.db #0x0c	; 12
      00021E 0C                     641 	.db #0x0c	; 12
      00021F 0C                     642 	.db #0x0c	; 12
      000220 0C                     643 	.db #0x0c	; 12
      000221 0C                     644 	.db #0x0c	; 12
      000222 0C                     645 	.db #0x0c	; 12
      000223 0C                     646 	.db #0x0c	; 12
      000224 0C                     647 	.db #0x0c	; 12
      000225 0C                     648 	.db #0x0c	; 12
      000226 0C                     649 	.db #0x0c	; 12
      000227 0C                     650 	.db #0x0c	; 12
      000228 0C                     651 	.db #0x0c	; 12
      000229 0C                     652 	.db #0x0c	; 12
      00022A 0C                     653 	.db #0x0c	; 12
      00022B 0C                     654 	.db #0x0c	; 12
      00022C 0C                     655 	.db #0x0c	; 12
      00022D 0C                     656 	.db #0x0c	; 12
      00022E 0C                     657 	.db #0x0c	; 12
      00022F 0C                     658 	.db #0x0c	; 12
      000230 0C                     659 	.db #0x0c	; 12
      000231 0C                     660 	.db #0x0c	; 12
      000232 0C                     661 	.db #0x0c	; 12
      000233 0C                     662 	.db #0x0c	; 12
      000234 0C                     663 	.db #0x0c	; 12
      000235 0C                     664 	.db #0x0c	; 12
      000236 0C                     665 	.db #0x0c	; 12
      000237 0C                     666 	.db #0x0c	; 12
      000238 0C                     667 	.db #0x0c	; 12
      000239 0C                     668 	.db #0x0c	; 12
      00023A 05                     669 	.db #0x05	; 5
      00023B 03                     670 	.db #0x03	; 3
      00023C 03                     671 	.db #0x03	; 3
      00023D 03                     672 	.db #0x03	; 3
      00023E 03                     673 	.db #0x03	; 3
      00023F 03                     674 	.db #0x03	; 3
      000240 03                     675 	.db #0x03	; 3
      000241 03                     676 	.db #0x03	; 3
      000242 03                     677 	.db #0x03	; 3
      000243 03                     678 	.db #0x03	; 3
      000244 03                     679 	.db #0x03	; 3
      000245 03                     680 	.db #0x03	; 3
      000246 03                     681 	.db #0x03	; 3
      000247 03                     682 	.db #0x03	; 3
      000248 03                     683 	.db #0x03	; 3
      000249 03                     684 	.db #0x03	; 3
      00024A 03                     685 	.db #0x03	; 3
      00024B 03                     686 	.db #0x03	; 3
      00024C 04                     687 	.db #0x04	; 4
      00024D 0C                     688 	.db #0x0c	; 12
      00024E 0C                     689 	.db #0x0c	; 12
      00024F 0C                     690 	.db #0x0c	; 12
      000250 0C                     691 	.db #0x0c	; 12
      000251 0C                     692 	.db #0x0c	; 12
      000252 0C                     693 	.db #0x0c	; 12
      000253 0C                     694 	.db #0x0c	; 12
      000254 0C                     695 	.db #0x0c	; 12
      000255 0C                     696 	.db #0x0c	; 12
      000256 0C                     697 	.db #0x0c	; 12
      000257 0C                     698 	.db #0x0c	; 12
      000258 0C                     699 	.db #0x0c	; 12
      000259 0C                     700 	.db #0x0c	; 12
      00025A 0C                     701 	.db #0x0c	; 12
      00025B 0C                     702 	.db #0x0c	; 12
      00025C 0C                     703 	.db #0x0c	; 12
      00025D 0C                     704 	.db #0x0c	; 12
      00025E 0C                     705 	.db #0x0c	; 12
      00025F 0C                     706 	.db #0x0c	; 12
      000260 0C                     707 	.db #0x0c	; 12
      000261 0C                     708 	.db #0x0c	; 12
      000262 05                     709 	.db #0x05	; 5
      000263 03                     710 	.db #0x03	; 3
      000264 07                     711 	.db #0x07	; 7
      000265 03                     712 	.db #0x03	; 3
      000266 07                     713 	.db #0x07	; 7
      000267 03                     714 	.db #0x03	; 3
      000268 07                     715 	.db #0x07	; 7
      000269 03                     716 	.db #0x03	; 3
      00026A 07                     717 	.db #0x07	; 7
      00026B 03                     718 	.db #0x03	; 3
      00026C 07                     719 	.db #0x07	; 7
      00026D 03                     720 	.db #0x03	; 3
      00026E 07                     721 	.db #0x07	; 7
      00026F 02                     722 	.db #0x02	; 2
      000270 07                     723 	.db #0x07	; 7
      000271 03                     724 	.db #0x03	; 3
      000272 07                     725 	.db #0x07	; 7
      000273 03                     726 	.db #0x03	; 3
      000274 04                     727 	.db #0x04	; 4
      000275 0C                     728 	.db #0x0c	; 12
      000276 0C                     729 	.db #0x0c	; 12
      000277 0C                     730 	.db #0x0c	; 12
      000278 0C                     731 	.db #0x0c	; 12
      000279 0C                     732 	.db #0x0c	; 12
      00027A 0C                     733 	.db #0x0c	; 12
      00027B 0C                     734 	.db #0x0c	; 12
      00027C 0C                     735 	.db #0x0c	; 12
      00027D 0C                     736 	.db #0x0c	; 12
      00027E 0C                     737 	.db #0x0c	; 12
      00027F 0C                     738 	.db #0x0c	; 12
      000280 0C                     739 	.db #0x0c	; 12
      000281 0C                     740 	.db #0x0c	; 12
      000282 0C                     741 	.db #0x0c	; 12
      000283 0C                     742 	.db #0x0c	; 12
      000284 0C                     743 	.db #0x0c	; 12
      000285 0C                     744 	.db #0x0c	; 12
      000286 0C                     745 	.db #0x0c	; 12
      000287 0C                     746 	.db #0x0c	; 12
      000288 0C                     747 	.db #0x0c	; 12
      000289 0C                     748 	.db #0x0c	; 12
      00028A 05                     749 	.db #0x05	; 5
      00028B 03                     750 	.db #0x03	; 3
      00028C 03                     751 	.db #0x03	; 3
      00028D 02                     752 	.db #0x02	; 2
      00028E 03                     753 	.db #0x03	; 3
      00028F 03                     754 	.db #0x03	; 3
      000290 03                     755 	.db #0x03	; 3
      000291 02                     756 	.db #0x02	; 2
      000292 03                     757 	.db #0x03	; 3
      000293 03                     758 	.db #0x03	; 3
      000294 03                     759 	.db #0x03	; 3
      000295 03                     760 	.db #0x03	; 3
      000296 02                     761 	.db #0x02	; 2
      000297 02                     762 	.db #0x02	; 2
      000298 02                     763 	.db #0x02	; 2
      000299 03                     764 	.db #0x03	; 3
      00029A 03                     765 	.db #0x03	; 3
      00029B 03                     766 	.db #0x03	; 3
      00029C 04                     767 	.db #0x04	; 4
      00029D 0C                     768 	.db #0x0c	; 12
      00029E 0C                     769 	.db #0x0c	; 12
      00029F 0C                     770 	.db #0x0c	; 12
      0002A0 0A                     771 	.db #0x0a	; 10
      0002A1 0A                     772 	.db #0x0a	; 10
      0002A2 0A                     773 	.db #0x0a	; 10
      0002A3 0A                     774 	.db #0x0a	; 10
      0002A4 0A                     775 	.db #0x0a	; 10
      0002A5 0A                     776 	.db #0x0a	; 10
      0002A6 0A                     777 	.db #0x0a	; 10
      0002A7 0A                     778 	.db #0x0a	; 10
      0002A8 0A                     779 	.db #0x0a	; 10
      0002A9 0A                     780 	.db #0x0a	; 10
      0002AA 0A                     781 	.db #0x0a	; 10
      0002AB 0A                     782 	.db #0x0a	; 10
      0002AC 0A                     783 	.db #0x0a	; 10
      0002AD 0A                     784 	.db #0x0a	; 10
      0002AE 0A                     785 	.db #0x0a	; 10
      0002AF 0A                     786 	.db #0x0a	; 10
      0002B0 09                     787 	.db #0x09	; 9
      0002B1 09                     788 	.db #0x09	; 9
      0002B2 05                     789 	.db #0x05	; 5
      0002B3 03                     790 	.db #0x03	; 3
      0002B4 03                     791 	.db #0x03	; 3
      0002B5 03                     792 	.db #0x03	; 3
      0002B6 02                     793 	.db #0x02	; 2
      0002B7 03                     794 	.db #0x03	; 3
      0002B8 03                     795 	.db #0x03	; 3
      0002B9 03                     796 	.db #0x03	; 3
      0002BA 03                     797 	.db #0x03	; 3
      0002BB 03                     798 	.db #0x03	; 3
      0002BC 02                     799 	.db #0x02	; 2
      0002BD 02                     800 	.db #0x02	; 2
      0002BE 02                     801 	.db #0x02	; 2
      0002BF 03                     802 	.db #0x03	; 3
      0002C0 02                     803 	.db #0x02	; 2
      0002C1 03                     804 	.db #0x03	; 3
      0002C2 03                     805 	.db #0x03	; 3
      0002C3 03                     806 	.db #0x03	; 3
      0002C4 04                     807 	.db #0x04	; 4
      0002C5 09                     808 	.db #0x09	; 9
      0002C6 09                     809 	.db #0x09	; 9
      0002C7 09                     810 	.db #0x09	; 9
      0002C8 08                     811 	.db #0x08	; 8
      0002C9 08                     812 	.db #0x08	; 8
      0002CA 08                     813 	.db #0x08	; 8
      0002CB 08                     814 	.db #0x08	; 8
      0002CC 08                     815 	.db #0x08	; 8
      0002CD 08                     816 	.db #0x08	; 8
      0002CE 08                     817 	.db #0x08	; 8
      0002CF 08                     818 	.db #0x08	; 8
      0002D0 08                     819 	.db #0x08	; 8
      0002D1 08                     820 	.db #0x08	; 8
      0002D2 08                     821 	.db #0x08	; 8
      0002D3 08                     822 	.db #0x08	; 8
      0002D4 08                     823 	.db #0x08	; 8
      0002D5 08                     824 	.db #0x08	; 8
      0002D6 08                     825 	.db #0x08	; 8
      0002D7 08                     826 	.db #0x08	; 8
      0002D8 08                     827 	.db #0x08	; 8
      0002D9 08                     828 	.db #0x08	; 8
      0002DA 08                     829 	.db #0x08	; 8
      0002DB 08                     830 	.db #0x08	; 8
      0002DC 08                     831 	.db #0x08	; 8
      0002DD 08                     832 	.db #0x08	; 8
      0002DE 08                     833 	.db #0x08	; 8
      0002DF 08                     834 	.db #0x08	; 8
      0002E0 08                     835 	.db #0x08	; 8
      0002E1 08                     836 	.db #0x08	; 8
      0002E2 08                     837 	.db #0x08	; 8
      0002E3 08                     838 	.db #0x08	; 8
      0002E4 08                     839 	.db #0x08	; 8
      0002E5 08                     840 	.db #0x08	; 8
      0002E6 08                     841 	.db #0x08	; 8
      0002E7 08                     842 	.db #0x08	; 8
      0002E8 08                     843 	.db #0x08	; 8
      0002E9 08                     844 	.db #0x08	; 8
      0002EA 08                     845 	.db #0x08	; 8
      0002EB 08                     846 	.db #0x08	; 8
      0002EC 08                     847 	.db #0x08	; 8
      0002ED 08                     848 	.db #0x08	; 8
      0002EE 08                     849 	.db #0x08	; 8
      0002EF 08                     850 	.db #0x08	; 8
      0002F0 08                     851 	.db #0x08	; 8
      0002F1 08                     852 	.db #0x08	; 8
      0002F2 08                     853 	.db #0x08	; 8
      0002F3 08                     854 	.db #0x08	; 8
      0002F4 08                     855 	.db #0x08	; 8
      0002F5 08                     856 	.db #0x08	; 8
      0002F6 08                     857 	.db #0x08	; 8
      0002F7 08                     858 	.db #0x08	; 8
      0002F8 08                     859 	.db #0x08	; 8
      0002F9 08                     860 	.db #0x08	; 8
      0002FA 08                     861 	.db #0x08	; 8
      0002FB 08                     862 	.db #0x08	; 8
      0002FC 08                     863 	.db #0x08	; 8
      0002FD 08                     864 	.db #0x08	; 8
      0002FE 08                     865 	.db #0x08	; 8
      0002FF 08                     866 	.db #0x08	; 8
      000300 08                     867 	.db #0x08	; 8
      000301 08                     868 	.db #0x08	; 8
      000302 08                     869 	.db #0x08	; 8
      000303 08                     870 	.db #0x08	; 8
      000304 08                     871 	.db #0x08	; 8
      000305 08                     872 	.db #0x08	; 8
      000306 08                     873 	.db #0x08	; 8
      000307 08                     874 	.db #0x08	; 8
      000308 08                     875 	.db #0x08	; 8
      000309 08                     876 	.db #0x08	; 8
      00030A 08                     877 	.db #0x08	; 8
      00030B 08                     878 	.db #0x08	; 8
      00030C 08                     879 	.db #0x08	; 8
      00030D 08                     880 	.db #0x08	; 8
      00030E 08                     881 	.db #0x08	; 8
      00030F 08                     882 	.db #0x08	; 8
      000310 08                     883 	.db #0x08	; 8
      000311 08                     884 	.db #0x08	; 8
      000312 08                     885 	.db #0x08	; 8
      000313 08                     886 	.db #0x08	; 8
      000314 08                     887 	.db #0x08	; 8
      000315 08                     888 	.db #0x08	; 8
      000316 08                     889 	.db #0x08	; 8
      000317 08                     890 	.db #0x08	; 8
      000318 08                     891 	.db #0x08	; 8
      000319 08                     892 	.db #0x08	; 8
      00031A 08                     893 	.db #0x08	; 8
      00031B 08                     894 	.db #0x08	; 8
      00031C 08                     895 	.db #0x08	; 8
      00031D 08                     896 	.db #0x08	; 8
      00031E 08                     897 	.db #0x08	; 8
      00031F 08                     898 	.db #0x08	; 8
      000320 08                     899 	.db #0x08	; 8
      000321 08                     900 	.db #0x08	; 8
      000322 08                     901 	.db #0x08	; 8
      000323 08                     902 	.db #0x08	; 8
      000324 08                     903 	.db #0x08	; 8
      000325 08                     904 	.db #0x08	; 8
      000326 08                     905 	.db #0x08	; 8
      000327 08                     906 	.db #0x08	; 8
      000328 08                     907 	.db #0x08	; 8
      000329 08                     908 	.db #0x08	; 8
      00032A 08                     909 	.db #0x08	; 8
      00032B 08                     910 	.db #0x08	; 8
      00032C 08                     911 	.db #0x08	; 8
      00032D 08                     912 	.db #0x08	; 8
      00032E 08                     913 	.db #0x08	; 8
      00032F 08                     914 	.db #0x08	; 8
      000330 08                     915 	.db #0x08	; 8
      000331 08                     916 	.db #0x08	; 8
      000332 08                     917 	.db #0x08	; 8
      000333 08                     918 	.db #0x08	; 8
      000334 08                     919 	.db #0x08	; 8
      000335 08                     920 	.db #0x08	; 8
      000336 08                     921 	.db #0x08	; 8
      000337 08                     922 	.db #0x08	; 8
      000338 08                     923 	.db #0x08	; 8
      000339 08                     924 	.db #0x08	; 8
      00033A 08                     925 	.db #0x08	; 8
      00033B 08                     926 	.db #0x08	; 8
      00033C 08                     927 	.db #0x08	; 8
      00033D 08                     928 	.db #0x08	; 8
      00033E 08                     929 	.db #0x08	; 8
      00033F 08                     930 	.db #0x08	; 8
      000340 08                     931 	.db #0x08	; 8
      000341 08                     932 	.db #0x08	; 8
      000342 08                     933 	.db #0x08	; 8
      000343 08                     934 	.db #0x08	; 8
      000344 08                     935 	.db #0x08	; 8
      000345 08                     936 	.db #0x08	; 8
      000346 08                     937 	.db #0x08	; 8
      000347 08                     938 	.db #0x08	; 8
      000348 08                     939 	.db #0x08	; 8
      000349 08                     940 	.db #0x08	; 8
      00034A 08                     941 	.db #0x08	; 8
      00034B 08                     942 	.db #0x08	; 8
      00034C 08                     943 	.db #0x08	; 8
      00034D 08                     944 	.db #0x08	; 8
      00034E 08                     945 	.db #0x08	; 8
      00034F 08                     946 	.db #0x08	; 8
      000350 08                     947 	.db #0x08	; 8
      000351 08                     948 	.db #0x08	; 8
      000352 08                     949 	.db #0x08	; 8
      000353 08                     950 	.db #0x08	; 8
      000354 08                     951 	.db #0x08	; 8
      000355 08                     952 	.db #0x08	; 8
      000356 08                     953 	.db #0x08	; 8
      000357 08                     954 	.db #0x08	; 8
      000358 08                     955 	.db #0x08	; 8
      000359 08                     956 	.db #0x08	; 8
      00035A 08                     957 	.db #0x08	; 8
      00035B 08                     958 	.db #0x08	; 8
      00035C 08                     959 	.db #0x08	; 8
      00035D 08                     960 	.db #0x08	; 8
      00035E 08                     961 	.db #0x08	; 8
      00035F 08                     962 	.db #0x08	; 8
      000360 08                     963 	.db #0x08	; 8
      000361 08                     964 	.db #0x08	; 8
      000362 08                     965 	.db #0x08	; 8
      000363 08                     966 	.db #0x08	; 8
      000364 08                     967 	.db #0x08	; 8
      000365 08                     968 	.db #0x08	; 8
      000366 08                     969 	.db #0x08	; 8
      000367 08                     970 	.db #0x08	; 8
      000368 08                     971 	.db #0x08	; 8
      000369 08                     972 	.db #0x08	; 8
      00036A 08                     973 	.db #0x08	; 8
      00036B 08                     974 	.db #0x08	; 8
      00036C 08                     975 	.db #0x08	; 8
      00036D 08                     976 	.db #0x08	; 8
      00036E 08                     977 	.db #0x08	; 8
      00036F 08                     978 	.db #0x08	; 8
      000370 08                     979 	.db #0x08	; 8
      000371 08                     980 	.db #0x08	; 8
      000372 08                     981 	.db #0x08	; 8
      000373 08                     982 	.db #0x08	; 8
      000374 08                     983 	.db #0x08	; 8
      000375 08                     984 	.db #0x08	; 8
      000376 08                     985 	.db #0x08	; 8
      000377 08                     986 	.db #0x08	; 8
      000378 08                     987 	.db #0x08	; 8
      000379 08                     988 	.db #0x08	; 8
      00037A 08                     989 	.db #0x08	; 8
      00037B 08                     990 	.db #0x08	; 8
      00037C 08                     991 	.db #0x08	; 8
      00037D 08                     992 	.db #0x08	; 8
      00037E 08                     993 	.db #0x08	; 8
      00037F 08                     994 	.db #0x08	; 8
      000380 08                     995 	.db #0x08	; 8
      000381 08                     996 	.db #0x08	; 8
      000382 08                     997 	.db #0x08	; 8
      000383 08                     998 	.db #0x08	; 8
      000384 08                     999 	.db #0x08	; 8
      000385 08                    1000 	.db #0x08	; 8
      000386 08                    1001 	.db #0x08	; 8
      000387 08                    1002 	.db #0x08	; 8
      000388 08                    1003 	.db #0x08	; 8
      000389 08                    1004 	.db #0x08	; 8
      00038A 08                    1005 	.db #0x08	; 8
      00038B 08                    1006 	.db #0x08	; 8
      00038C 08                    1007 	.db #0x08	; 8
      00038D 08                    1008 	.db #0x08	; 8
      00038E 08                    1009 	.db #0x08	; 8
      00038F 08                    1010 	.db #0x08	; 8
                                   1011 	.area _CABS (ABS)
