                                      1 ;--------------------------------------------------------
                                      2 ; File Created by SDCC : free open source ANSI-C Compiler
                                      3 ; Version 4.1.6 #12539 (MINGW32)
                                      4 ;--------------------------------------------------------
                                      5 	.module map
                                      6 	.optsdcc -mgbz80
                                      7 	
                                      8 ;--------------------------------------------------------
                                      9 ; Public variables in this module
                                     10 ;--------------------------------------------------------
                                     11 	.globl _map
                                     12 ;--------------------------------------------------------
                                     13 ; special function registers
                                     14 ;--------------------------------------------------------
                                     15 ;--------------------------------------------------------
                                     16 ; ram data
                                     17 ;--------------------------------------------------------
                                     18 	.area _DATA
                                     19 ;--------------------------------------------------------
                                     20 ; ram data
                                     21 ;--------------------------------------------------------
                                     22 	.area _INITIALIZED
      000000                         23 _map::
      000000                         24 	.ds 720
                                     25 ;--------------------------------------------------------
                                     26 ; absolute external ram data
                                     27 ;--------------------------------------------------------
                                     28 	.area _DABS (ABS)
                                     29 ;--------------------------------------------------------
                                     30 ; global & static initialisations
                                     31 ;--------------------------------------------------------
                                     32 	.area _HOME
                                     33 	.area _GSINIT
                                     34 	.area _GSFINAL
                                     35 	.area _GSINIT
                                     36 ;--------------------------------------------------------
                                     37 ; Home
                                     38 ;--------------------------------------------------------
                                     39 	.area _HOME
                                     40 	.area _HOME
                                     41 ;--------------------------------------------------------
                                     42 ; code
                                     43 ;--------------------------------------------------------
                                     44 	.area _CODE
                                     45 	.area _CODE
                                     46 	.area _INITIALIZER
      000000                         47 __xinit__map:
      000000 0C                      48 	.db #0x0c	; 12
      000001 0C                      49 	.db #0x0c	; 12
      000002 0C                      50 	.db #0x0c	; 12
      000003 0C                      51 	.db #0x0c	; 12
      000004 0C                      52 	.db #0x0c	; 12
      000005 0C                      53 	.db #0x0c	; 12
      000006 0C                      54 	.db #0x0c	; 12
      000007 0C                      55 	.db #0x0c	; 12
      000008 0C                      56 	.db #0x0c	; 12
      000009 0C                      57 	.db #0x0c	; 12
      00000A 0C                      58 	.db #0x0c	; 12
      00000B 0C                      59 	.db #0x0c	; 12
      00000C 0C                      60 	.db #0x0c	; 12
      00000D 0C                      61 	.db #0x0c	; 12
      00000E 0C                      62 	.db #0x0c	; 12
      00000F 0C                      63 	.db #0x0c	; 12
      000010 0C                      64 	.db #0x0c	; 12
      000011 0C                      65 	.db #0x0c	; 12
      000012 0C                      66 	.db #0x0c	; 12
      000013 0C                      67 	.db #0x0c	; 12
      000014 0C                      68 	.db #0x0c	; 12
      000015 0C                      69 	.db #0x0c	; 12
      000016 0C                      70 	.db #0x0c	; 12
      000017 0C                      71 	.db #0x0c	; 12
      000018 0C                      72 	.db #0x0c	; 12
      000019 0C                      73 	.db #0x0c	; 12
      00001A 0C                      74 	.db #0x0c	; 12
      00001B 0C                      75 	.db #0x0c	; 12
      00001C 0C                      76 	.db #0x0c	; 12
      00001D 0C                      77 	.db #0x0c	; 12
      00001E 0C                      78 	.db #0x0c	; 12
      00001F 0C                      79 	.db #0x0c	; 12
      000020 0C                      80 	.db #0x0c	; 12
      000021 0C                      81 	.db #0x0c	; 12
      000022 0C                      82 	.db #0x0c	; 12
      000023 0C                      83 	.db #0x0c	; 12
      000024 0C                      84 	.db #0x0c	; 12
      000025 0C                      85 	.db #0x0c	; 12
      000026 0C                      86 	.db #0x0c	; 12
      000027 0C                      87 	.db #0x0c	; 12
      000028 0C                      88 	.db #0x0c	; 12
      000029 0C                      89 	.db #0x0c	; 12
      00002A 0C                      90 	.db #0x0c	; 12
      00002B 0C                      91 	.db #0x0c	; 12
      00002C 0C                      92 	.db #0x0c	; 12
      00002D 0C                      93 	.db #0x0c	; 12
      00002E 0C                      94 	.db #0x0c	; 12
      00002F 0C                      95 	.db #0x0c	; 12
      000030 0C                      96 	.db #0x0c	; 12
      000031 0C                      97 	.db #0x0c	; 12
      000032 0C                      98 	.db #0x0c	; 12
      000033 0C                      99 	.db #0x0c	; 12
      000034 0C                     100 	.db #0x0c	; 12
      000035 0C                     101 	.db #0x0c	; 12
      000036 0C                     102 	.db #0x0c	; 12
      000037 0C                     103 	.db #0x0c	; 12
      000038 0C                     104 	.db #0x0c	; 12
      000039 0C                     105 	.db #0x0c	; 12
      00003A 0C                     106 	.db #0x0c	; 12
      00003B 0C                     107 	.db #0x0c	; 12
      00003C 0C                     108 	.db #0x0c	; 12
      00003D 0C                     109 	.db #0x0c	; 12
      00003E 0C                     110 	.db #0x0c	; 12
      00003F 0C                     111 	.db #0x0c	; 12
      000040 0C                     112 	.db #0x0c	; 12
      000041 0C                     113 	.db #0x0c	; 12
      000042 0C                     114 	.db #0x0c	; 12
      000043 0C                     115 	.db #0x0c	; 12
      000044 0C                     116 	.db #0x0c	; 12
      000045 0C                     117 	.db #0x0c	; 12
      000046 0C                     118 	.db #0x0c	; 12
      000047 0C                     119 	.db #0x0c	; 12
      000048 0C                     120 	.db #0x0c	; 12
      000049 0C                     121 	.db #0x0c	; 12
      00004A 0C                     122 	.db #0x0c	; 12
      00004B 0C                     123 	.db #0x0c	; 12
      00004C 0C                     124 	.db #0x0c	; 12
      00004D 0C                     125 	.db #0x0c	; 12
      00004E 0C                     126 	.db #0x0c	; 12
      00004F 0C                     127 	.db #0x0c	; 12
      000050 0C                     128 	.db #0x0c	; 12
      000051 0C                     129 	.db #0x0c	; 12
      000052 0C                     130 	.db #0x0c	; 12
      000053 0C                     131 	.db #0x0c	; 12
      000054 0C                     132 	.db #0x0c	; 12
      000055 0C                     133 	.db #0x0c	; 12
      000056 0C                     134 	.db #0x0c	; 12
      000057 0C                     135 	.db #0x0c	; 12
      000058 0C                     136 	.db #0x0c	; 12
      000059 0C                     137 	.db #0x0c	; 12
      00005A 0C                     138 	.db #0x0c	; 12
      00005B 0C                     139 	.db #0x0c	; 12
      00005C 0C                     140 	.db #0x0c	; 12
      00005D 0C                     141 	.db #0x0c	; 12
      00005E 0C                     142 	.db #0x0c	; 12
      00005F 0C                     143 	.db #0x0c	; 12
      000060 0C                     144 	.db #0x0c	; 12
      000061 0C                     145 	.db #0x0c	; 12
      000062 0C                     146 	.db #0x0c	; 12
      000063 0C                     147 	.db #0x0c	; 12
      000064 0C                     148 	.db #0x0c	; 12
      000065 0C                     149 	.db #0x0c	; 12
      000066 0C                     150 	.db #0x0c	; 12
      000067 0C                     151 	.db #0x0c	; 12
      000068 0C                     152 	.db #0x0c	; 12
      000069 0C                     153 	.db #0x0c	; 12
      00006A 0C                     154 	.db #0x0c	; 12
      00006B 0C                     155 	.db #0x0c	; 12
      00006C 0C                     156 	.db #0x0c	; 12
      00006D 0C                     157 	.db #0x0c	; 12
      00006E 0C                     158 	.db #0x0c	; 12
      00006F 0C                     159 	.db #0x0c	; 12
      000070 0C                     160 	.db #0x0c	; 12
      000071 0C                     161 	.db #0x0c	; 12
      000072 0C                     162 	.db #0x0c	; 12
      000073 0C                     163 	.db #0x0c	; 12
      000074 0C                     164 	.db #0x0c	; 12
      000075 0C                     165 	.db #0x0c	; 12
      000076 0C                     166 	.db #0x0c	; 12
      000077 0C                     167 	.db #0x0c	; 12
      000078 0C                     168 	.db #0x0c	; 12
      000079 0C                     169 	.db #0x0c	; 12
      00007A 0C                     170 	.db #0x0c	; 12
      00007B 0C                     171 	.db #0x0c	; 12
      00007C 0C                     172 	.db #0x0c	; 12
      00007D 0C                     173 	.db #0x0c	; 12
      00007E 0C                     174 	.db #0x0c	; 12
      00007F 0C                     175 	.db #0x0c	; 12
      000080 0C                     176 	.db #0x0c	; 12
      000081 0C                     177 	.db #0x0c	; 12
      000082 0C                     178 	.db #0x0c	; 12
      000083 0C                     179 	.db #0x0c	; 12
      000084 0C                     180 	.db #0x0c	; 12
      000085 0C                     181 	.db #0x0c	; 12
      000086 0C                     182 	.db #0x0c	; 12
      000087 0C                     183 	.db #0x0c	; 12
      000088 0C                     184 	.db #0x0c	; 12
      000089 0C                     185 	.db #0x0c	; 12
      00008A 0C                     186 	.db #0x0c	; 12
      00008B 0C                     187 	.db #0x0c	; 12
      00008C 0C                     188 	.db #0x0c	; 12
      00008D 0C                     189 	.db #0x0c	; 12
      00008E 0C                     190 	.db #0x0c	; 12
      00008F 0C                     191 	.db #0x0c	; 12
      000090 0C                     192 	.db #0x0c	; 12
      000091 0C                     193 	.db #0x0c	; 12
      000092 0C                     194 	.db #0x0c	; 12
      000093 0C                     195 	.db #0x0c	; 12
      000094 0C                     196 	.db #0x0c	; 12
      000095 0C                     197 	.db #0x0c	; 12
      000096 0C                     198 	.db #0x0c	; 12
      000097 0C                     199 	.db #0x0c	; 12
      000098 0C                     200 	.db #0x0c	; 12
      000099 0C                     201 	.db #0x0c	; 12
      00009A 0C                     202 	.db #0x0c	; 12
      00009B 0C                     203 	.db #0x0c	; 12
      00009C 0C                     204 	.db #0x0c	; 12
      00009D 0C                     205 	.db #0x0c	; 12
      00009E 0C                     206 	.db #0x0c	; 12
      00009F 0C                     207 	.db #0x0c	; 12
      0000A0 0C                     208 	.db #0x0c	; 12
      0000A1 0C                     209 	.db #0x0c	; 12
      0000A2 0C                     210 	.db #0x0c	; 12
      0000A3 0C                     211 	.db #0x0c	; 12
      0000A4 0C                     212 	.db #0x0c	; 12
      0000A5 0C                     213 	.db #0x0c	; 12
      0000A6 0C                     214 	.db #0x0c	; 12
      0000A7 0C                     215 	.db #0x0c	; 12
      0000A8 0C                     216 	.db #0x0c	; 12
      0000A9 0C                     217 	.db #0x0c	; 12
      0000AA 0C                     218 	.db #0x0c	; 12
      0000AB 00                     219 	.db #0x00	; 0
      0000AC 01                     220 	.db #0x01	; 1
      0000AD 0C                     221 	.db #0x0c	; 12
      0000AE 0C                     222 	.db #0x0c	; 12
      0000AF 0C                     223 	.db #0x0c	; 12
      0000B0 0C                     224 	.db #0x0c	; 12
      0000B1 0C                     225 	.db #0x0c	; 12
      0000B2 0C                     226 	.db #0x0c	; 12
      0000B3 0C                     227 	.db #0x0c	; 12
      0000B4 0C                     228 	.db #0x0c	; 12
      0000B5 0C                     229 	.db #0x0c	; 12
      0000B6 0C                     230 	.db #0x0c	; 12
      0000B7 0C                     231 	.db #0x0c	; 12
      0000B8 0C                     232 	.db #0x0c	; 12
      0000B9 0C                     233 	.db #0x0c	; 12
      0000BA 0C                     234 	.db #0x0c	; 12
      0000BB 0C                     235 	.db #0x0c	; 12
      0000BC 0C                     236 	.db #0x0c	; 12
      0000BD 0C                     237 	.db #0x0c	; 12
      0000BE 0C                     238 	.db #0x0c	; 12
      0000BF 0C                     239 	.db #0x0c	; 12
      0000C0 0C                     240 	.db #0x0c	; 12
      0000C1 0C                     241 	.db #0x0c	; 12
      0000C2 0C                     242 	.db #0x0c	; 12
      0000C3 0C                     243 	.db #0x0c	; 12
      0000C4 0C                     244 	.db #0x0c	; 12
      0000C5 0C                     245 	.db #0x0c	; 12
      0000C6 0C                     246 	.db #0x0c	; 12
      0000C7 0C                     247 	.db #0x0c	; 12
      0000C8 0C                     248 	.db #0x0c	; 12
      0000C9 0C                     249 	.db #0x0c	; 12
      0000CA 0C                     250 	.db #0x0c	; 12
      0000CB 0C                     251 	.db #0x0c	; 12
      0000CC 0C                     252 	.db #0x0c	; 12
      0000CD 0C                     253 	.db #0x0c	; 12
      0000CE 0C                     254 	.db #0x0c	; 12
      0000CF 0C                     255 	.db #0x0c	; 12
      0000D0 0C                     256 	.db #0x0c	; 12
      0000D1 0C                     257 	.db #0x0c	; 12
      0000D2 07                     258 	.db #0x07	; 7
      0000D3 07                     259 	.db #0x07	; 7
      0000D4 07                     260 	.db #0x07	; 7
      0000D5 0C                     261 	.db #0x0c	; 12
      0000D6 0C                     262 	.db #0x0c	; 12
      0000D7 0C                     263 	.db #0x0c	; 12
      0000D8 0C                     264 	.db #0x0c	; 12
      0000D9 0C                     265 	.db #0x0c	; 12
      0000DA 0C                     266 	.db #0x0c	; 12
      0000DB 0C                     267 	.db #0x0c	; 12
      0000DC 0C                     268 	.db #0x0c	; 12
      0000DD 0C                     269 	.db #0x0c	; 12
      0000DE 0C                     270 	.db #0x0c	; 12
      0000DF 05                     271 	.db #0x05	; 5
      0000E0 03                     272 	.db #0x03	; 3
      0000E1 03                     273 	.db #0x03	; 3
      0000E2 03                     274 	.db #0x03	; 3
      0000E3 04                     275 	.db #0x04	; 4
      0000E4 0C                     276 	.db #0x0c	; 12
      0000E5 0C                     277 	.db #0x0c	; 12
      0000E6 0C                     278 	.db #0x0c	; 12
      0000E7 0C                     279 	.db #0x0c	; 12
      0000E8 0C                     280 	.db #0x0c	; 12
      0000E9 0C                     281 	.db #0x0c	; 12
      0000EA 0C                     282 	.db #0x0c	; 12
      0000EB 0C                     283 	.db #0x0c	; 12
      0000EC 0C                     284 	.db #0x0c	; 12
      0000ED 0C                     285 	.db #0x0c	; 12
      0000EE 0C                     286 	.db #0x0c	; 12
      0000EF 0C                     287 	.db #0x0c	; 12
      0000F0 0C                     288 	.db #0x0c	; 12
      0000F1 0C                     289 	.db #0x0c	; 12
      0000F2 0C                     290 	.db #0x0c	; 12
      0000F3 07                     291 	.db #0x07	; 7
      0000F4 07                     292 	.db #0x07	; 7
      0000F5 07                     293 	.db #0x07	; 7
      0000F6 07                     294 	.db #0x07	; 7
      0000F7 07                     295 	.db #0x07	; 7
      0000F8 07                     296 	.db #0x07	; 7
      0000F9 07                     297 	.db #0x07	; 7
      0000FA 07                     298 	.db #0x07	; 7
      0000FB 06                     299 	.db #0x06	; 6
      0000FC 07                     300 	.db #0x07	; 7
      0000FD 0C                     301 	.db #0x0c	; 12
      0000FE 0C                     302 	.db #0x0c	; 12
      0000FF 0C                     303 	.db #0x0c	; 12
      000100 0C                     304 	.db #0x0c	; 12
      000101 0C                     305 	.db #0x0c	; 12
      000102 0C                     306 	.db #0x0c	; 12
      000103 0C                     307 	.db #0x0c	; 12
      000104 0C                     308 	.db #0x0c	; 12
      000105 0C                     309 	.db #0x0c	; 12
      000106 0C                     310 	.db #0x0c	; 12
      000107 05                     311 	.db #0x05	; 5
      000108 0B                     312 	.db #0x0b	; 11
      000109 0B                     313 	.db #0x0b	; 11
      00010A 0B                     314 	.db #0x0b	; 11
      00010B 04                     315 	.db #0x04	; 4
      00010C 0C                     316 	.db #0x0c	; 12
      00010D 0C                     317 	.db #0x0c	; 12
      00010E 0C                     318 	.db #0x0c	; 12
      00010F 0C                     319 	.db #0x0c	; 12
      000110 0C                     320 	.db #0x0c	; 12
      000111 0C                     321 	.db #0x0c	; 12
      000112 0C                     322 	.db #0x0c	; 12
      000113 0C                     323 	.db #0x0c	; 12
      000114 0C                     324 	.db #0x0c	; 12
      000115 0C                     325 	.db #0x0c	; 12
      000116 0C                     326 	.db #0x0c	; 12
      000117 0C                     327 	.db #0x0c	; 12
      000118 0C                     328 	.db #0x0c	; 12
      000119 0C                     329 	.db #0x0c	; 12
      00011A 0C                     330 	.db #0x0c	; 12
      00011B 0C                     331 	.db #0x0c	; 12
      00011C 0C                     332 	.db #0x0c	; 12
      00011D 0C                     333 	.db #0x0c	; 12
      00011E 0C                     334 	.db #0x0c	; 12
      00011F 07                     335 	.db #0x07	; 7
      000120 07                     336 	.db #0x07	; 7
      000121 06                     337 	.db #0x06	; 6
      000122 06                     338 	.db #0x06	; 6
      000123 06                     339 	.db #0x06	; 6
      000124 07                     340 	.db #0x07	; 7
      000125 0C                     341 	.db #0x0c	; 12
      000126 0C                     342 	.db #0x0c	; 12
      000127 0C                     343 	.db #0x0c	; 12
      000128 0C                     344 	.db #0x0c	; 12
      000129 0C                     345 	.db #0x0c	; 12
      00012A 0C                     346 	.db #0x0c	; 12
      00012B 0C                     347 	.db #0x0c	; 12
      00012C 0C                     348 	.db #0x0c	; 12
      00012D 0C                     349 	.db #0x0c	; 12
      00012E 0C                     350 	.db #0x0c	; 12
      00012F 05                     351 	.db #0x05	; 5
      000130 03                     352 	.db #0x03	; 3
      000131 03                     353 	.db #0x03	; 3
      000132 03                     354 	.db #0x03	; 3
      000133 04                     355 	.db #0x04	; 4
      000134 0C                     356 	.db #0x0c	; 12
      000135 0C                     357 	.db #0x0c	; 12
      000136 0C                     358 	.db #0x0c	; 12
      000137 0C                     359 	.db #0x0c	; 12
      000138 0C                     360 	.db #0x0c	; 12
      000139 0C                     361 	.db #0x0c	; 12
      00013A 0C                     362 	.db #0x0c	; 12
      00013B 0C                     363 	.db #0x0c	; 12
      00013C 0C                     364 	.db #0x0c	; 12
      00013D 0C                     365 	.db #0x0c	; 12
      00013E 0C                     366 	.db #0x0c	; 12
      00013F 0C                     367 	.db #0x0c	; 12
      000140 0C                     368 	.db #0x0c	; 12
      000141 0C                     369 	.db #0x0c	; 12
      000142 0C                     370 	.db #0x0c	; 12
      000143 0C                     371 	.db #0x0c	; 12
      000144 0C                     372 	.db #0x0c	; 12
      000145 0C                     373 	.db #0x0c	; 12
      000146 0C                     374 	.db #0x0c	; 12
      000147 0C                     375 	.db #0x0c	; 12
      000148 07                     376 	.db #0x07	; 7
      000149 07                     377 	.db #0x07	; 7
      00014A 07                     378 	.db #0x07	; 7
      00014B 07                     379 	.db #0x07	; 7
      00014C 07                     380 	.db #0x07	; 7
      00014D 0C                     381 	.db #0x0c	; 12
      00014E 0C                     382 	.db #0x0c	; 12
      00014F 0C                     383 	.db #0x0c	; 12
      000150 0C                     384 	.db #0x0c	; 12
      000151 0C                     385 	.db #0x0c	; 12
      000152 0C                     386 	.db #0x0c	; 12
      000153 0C                     387 	.db #0x0c	; 12
      000154 0C                     388 	.db #0x0c	; 12
      000155 0C                     389 	.db #0x0c	; 12
      000156 0C                     390 	.db #0x0c	; 12
      000157 05                     391 	.db #0x05	; 5
      000158 03                     392 	.db #0x03	; 3
      000159 03                     393 	.db #0x03	; 3
      00015A 03                     394 	.db #0x03	; 3
      00015B 04                     395 	.db #0x04	; 4
      00015C 0C                     396 	.db #0x0c	; 12
      00015D 0C                     397 	.db #0x0c	; 12
      00015E 0C                     398 	.db #0x0c	; 12
      00015F 0C                     399 	.db #0x0c	; 12
      000160 0C                     400 	.db #0x0c	; 12
      000161 0C                     401 	.db #0x0c	; 12
      000162 0C                     402 	.db #0x0c	; 12
      000163 0C                     403 	.db #0x0c	; 12
      000164 0C                     404 	.db #0x0c	; 12
      000165 0C                     405 	.db #0x0c	; 12
      000166 0C                     406 	.db #0x0c	; 12
      000167 0C                     407 	.db #0x0c	; 12
      000168 0C                     408 	.db #0x0c	; 12
      000169 0C                     409 	.db #0x0c	; 12
      00016A 0C                     410 	.db #0x0c	; 12
      00016B 0C                     411 	.db #0x0c	; 12
      00016C 0C                     412 	.db #0x0c	; 12
      00016D 0C                     413 	.db #0x0c	; 12
      00016E 0C                     414 	.db #0x0c	; 12
      00016F 0C                     415 	.db #0x0c	; 12
      000170 0C                     416 	.db #0x0c	; 12
      000171 0C                     417 	.db #0x0c	; 12
      000172 0C                     418 	.db #0x0c	; 12
      000173 0C                     419 	.db #0x0c	; 12
      000174 0C                     420 	.db #0x0c	; 12
      000175 0C                     421 	.db #0x0c	; 12
      000176 0C                     422 	.db #0x0c	; 12
      000177 0C                     423 	.db #0x0c	; 12
      000178 0C                     424 	.db #0x0c	; 12
      000179 0C                     425 	.db #0x0c	; 12
      00017A 05                     426 	.db #0x05	; 5
      00017B 03                     427 	.db #0x03	; 3
      00017C 03                     428 	.db #0x03	; 3
      00017D 03                     429 	.db #0x03	; 3
      00017E 03                     430 	.db #0x03	; 3
      00017F 03                     431 	.db #0x03	; 3
      000180 03                     432 	.db #0x03	; 3
      000181 03                     433 	.db #0x03	; 3
      000182 03                     434 	.db #0x03	; 3
      000183 03                     435 	.db #0x03	; 3
      000184 03                     436 	.db #0x03	; 3
      000185 03                     437 	.db #0x03	; 3
      000186 03                     438 	.db #0x03	; 3
      000187 03                     439 	.db #0x03	; 3
      000188 03                     440 	.db #0x03	; 3
      000189 03                     441 	.db #0x03	; 3
      00018A 03                     442 	.db #0x03	; 3
      00018B 03                     443 	.db #0x03	; 3
      00018C 04                     444 	.db #0x04	; 4
      00018D 0C                     445 	.db #0x0c	; 12
      00018E 0C                     446 	.db #0x0c	; 12
      00018F 0C                     447 	.db #0x0c	; 12
      000190 0C                     448 	.db #0x0c	; 12
      000191 0C                     449 	.db #0x0c	; 12
      000192 0C                     450 	.db #0x0c	; 12
      000193 0C                     451 	.db #0x0c	; 12
      000194 0C                     452 	.db #0x0c	; 12
      000195 0C                     453 	.db #0x0c	; 12
      000196 0C                     454 	.db #0x0c	; 12
      000197 0C                     455 	.db #0x0c	; 12
      000198 0C                     456 	.db #0x0c	; 12
      000199 0C                     457 	.db #0x0c	; 12
      00019A 0C                     458 	.db #0x0c	; 12
      00019B 0C                     459 	.db #0x0c	; 12
      00019C 0C                     460 	.db #0x0c	; 12
      00019D 0C                     461 	.db #0x0c	; 12
      00019E 0C                     462 	.db #0x0c	; 12
      00019F 0C                     463 	.db #0x0c	; 12
      0001A0 0C                     464 	.db #0x0c	; 12
      0001A1 0C                     465 	.db #0x0c	; 12
      0001A2 05                     466 	.db #0x05	; 5
      0001A3 03                     467 	.db #0x03	; 3
      0001A4 07                     468 	.db #0x07	; 7
      0001A5 03                     469 	.db #0x03	; 3
      0001A6 07                     470 	.db #0x07	; 7
      0001A7 03                     471 	.db #0x03	; 3
      0001A8 07                     472 	.db #0x07	; 7
      0001A9 03                     473 	.db #0x03	; 3
      0001AA 07                     474 	.db #0x07	; 7
      0001AB 03                     475 	.db #0x03	; 3
      0001AC 07                     476 	.db #0x07	; 7
      0001AD 03                     477 	.db #0x03	; 3
      0001AE 07                     478 	.db #0x07	; 7
      0001AF 02                     479 	.db #0x02	; 2
      0001B0 07                     480 	.db #0x07	; 7
      0001B1 03                     481 	.db #0x03	; 3
      0001B2 07                     482 	.db #0x07	; 7
      0001B3 03                     483 	.db #0x03	; 3
      0001B4 04                     484 	.db #0x04	; 4
      0001B5 0C                     485 	.db #0x0c	; 12
      0001B6 0C                     486 	.db #0x0c	; 12
      0001B7 0C                     487 	.db #0x0c	; 12
      0001B8 0C                     488 	.db #0x0c	; 12
      0001B9 0C                     489 	.db #0x0c	; 12
      0001BA 0C                     490 	.db #0x0c	; 12
      0001BB 0C                     491 	.db #0x0c	; 12
      0001BC 0C                     492 	.db #0x0c	; 12
      0001BD 0C                     493 	.db #0x0c	; 12
      0001BE 0C                     494 	.db #0x0c	; 12
      0001BF 0C                     495 	.db #0x0c	; 12
      0001C0 0C                     496 	.db #0x0c	; 12
      0001C1 0C                     497 	.db #0x0c	; 12
      0001C2 0C                     498 	.db #0x0c	; 12
      0001C3 0C                     499 	.db #0x0c	; 12
      0001C4 0C                     500 	.db #0x0c	; 12
      0001C5 0C                     501 	.db #0x0c	; 12
      0001C6 0C                     502 	.db #0x0c	; 12
      0001C7 0C                     503 	.db #0x0c	; 12
      0001C8 0C                     504 	.db #0x0c	; 12
      0001C9 0C                     505 	.db #0x0c	; 12
      0001CA 05                     506 	.db #0x05	; 5
      0001CB 03                     507 	.db #0x03	; 3
      0001CC 03                     508 	.db #0x03	; 3
      0001CD 02                     509 	.db #0x02	; 2
      0001CE 03                     510 	.db #0x03	; 3
      0001CF 03                     511 	.db #0x03	; 3
      0001D0 03                     512 	.db #0x03	; 3
      0001D1 02                     513 	.db #0x02	; 2
      0001D2 03                     514 	.db #0x03	; 3
      0001D3 03                     515 	.db #0x03	; 3
      0001D4 03                     516 	.db #0x03	; 3
      0001D5 03                     517 	.db #0x03	; 3
      0001D6 02                     518 	.db #0x02	; 2
      0001D7 02                     519 	.db #0x02	; 2
      0001D8 02                     520 	.db #0x02	; 2
      0001D9 03                     521 	.db #0x03	; 3
      0001DA 03                     522 	.db #0x03	; 3
      0001DB 03                     523 	.db #0x03	; 3
      0001DC 04                     524 	.db #0x04	; 4
      0001DD 0C                     525 	.db #0x0c	; 12
      0001DE 0C                     526 	.db #0x0c	; 12
      0001DF 0C                     527 	.db #0x0c	; 12
      0001E0 0A                     528 	.db #0x0a	; 10
      0001E1 0A                     529 	.db #0x0a	; 10
      0001E2 0A                     530 	.db #0x0a	; 10
      0001E3 0A                     531 	.db #0x0a	; 10
      0001E4 0A                     532 	.db #0x0a	; 10
      0001E5 0A                     533 	.db #0x0a	; 10
      0001E6 0A                     534 	.db #0x0a	; 10
      0001E7 0A                     535 	.db #0x0a	; 10
      0001E8 0A                     536 	.db #0x0a	; 10
      0001E9 0A                     537 	.db #0x0a	; 10
      0001EA 0A                     538 	.db #0x0a	; 10
      0001EB 0A                     539 	.db #0x0a	; 10
      0001EC 0A                     540 	.db #0x0a	; 10
      0001ED 0A                     541 	.db #0x0a	; 10
      0001EE 0A                     542 	.db #0x0a	; 10
      0001EF 0A                     543 	.db #0x0a	; 10
      0001F0 09                     544 	.db #0x09	; 9
      0001F1 09                     545 	.db #0x09	; 9
      0001F2 05                     546 	.db #0x05	; 5
      0001F3 03                     547 	.db #0x03	; 3
      0001F4 03                     548 	.db #0x03	; 3
      0001F5 03                     549 	.db #0x03	; 3
      0001F6 02                     550 	.db #0x02	; 2
      0001F7 03                     551 	.db #0x03	; 3
      0001F8 03                     552 	.db #0x03	; 3
      0001F9 03                     553 	.db #0x03	; 3
      0001FA 03                     554 	.db #0x03	; 3
      0001FB 03                     555 	.db #0x03	; 3
      0001FC 02                     556 	.db #0x02	; 2
      0001FD 02                     557 	.db #0x02	; 2
      0001FE 02                     558 	.db #0x02	; 2
      0001FF 03                     559 	.db #0x03	; 3
      000200 02                     560 	.db #0x02	; 2
      000201 03                     561 	.db #0x03	; 3
      000202 03                     562 	.db #0x03	; 3
      000203 03                     563 	.db #0x03	; 3
      000204 04                     564 	.db #0x04	; 4
      000205 09                     565 	.db #0x09	; 9
      000206 09                     566 	.db #0x09	; 9
      000207 09                     567 	.db #0x09	; 9
      000208 08                     568 	.db #0x08	; 8
      000209 08                     569 	.db #0x08	; 8
      00020A 08                     570 	.db #0x08	; 8
      00020B 08                     571 	.db #0x08	; 8
      00020C 08                     572 	.db #0x08	; 8
      00020D 08                     573 	.db #0x08	; 8
      00020E 08                     574 	.db #0x08	; 8
      00020F 08                     575 	.db #0x08	; 8
      000210 08                     576 	.db #0x08	; 8
      000211 08                     577 	.db #0x08	; 8
      000212 08                     578 	.db #0x08	; 8
      000213 08                     579 	.db #0x08	; 8
      000214 08                     580 	.db #0x08	; 8
      000215 08                     581 	.db #0x08	; 8
      000216 08                     582 	.db #0x08	; 8
      000217 08                     583 	.db #0x08	; 8
      000218 08                     584 	.db #0x08	; 8
      000219 08                     585 	.db #0x08	; 8
      00021A 08                     586 	.db #0x08	; 8
      00021B 08                     587 	.db #0x08	; 8
      00021C 08                     588 	.db #0x08	; 8
      00021D 08                     589 	.db #0x08	; 8
      00021E 08                     590 	.db #0x08	; 8
      00021F 08                     591 	.db #0x08	; 8
      000220 08                     592 	.db #0x08	; 8
      000221 08                     593 	.db #0x08	; 8
      000222 08                     594 	.db #0x08	; 8
      000223 08                     595 	.db #0x08	; 8
      000224 08                     596 	.db #0x08	; 8
      000225 08                     597 	.db #0x08	; 8
      000226 08                     598 	.db #0x08	; 8
      000227 08                     599 	.db #0x08	; 8
      000228 08                     600 	.db #0x08	; 8
      000229 08                     601 	.db #0x08	; 8
      00022A 08                     602 	.db #0x08	; 8
      00022B 08                     603 	.db #0x08	; 8
      00022C 08                     604 	.db #0x08	; 8
      00022D 08                     605 	.db #0x08	; 8
      00022E 08                     606 	.db #0x08	; 8
      00022F 08                     607 	.db #0x08	; 8
      000230 08                     608 	.db #0x08	; 8
      000231 08                     609 	.db #0x08	; 8
      000232 08                     610 	.db #0x08	; 8
      000233 08                     611 	.db #0x08	; 8
      000234 08                     612 	.db #0x08	; 8
      000235 08                     613 	.db #0x08	; 8
      000236 08                     614 	.db #0x08	; 8
      000237 08                     615 	.db #0x08	; 8
      000238 08                     616 	.db #0x08	; 8
      000239 08                     617 	.db #0x08	; 8
      00023A 08                     618 	.db #0x08	; 8
      00023B 08                     619 	.db #0x08	; 8
      00023C 08                     620 	.db #0x08	; 8
      00023D 08                     621 	.db #0x08	; 8
      00023E 08                     622 	.db #0x08	; 8
      00023F 08                     623 	.db #0x08	; 8
      000240 08                     624 	.db #0x08	; 8
      000241 08                     625 	.db #0x08	; 8
      000242 08                     626 	.db #0x08	; 8
      000243 08                     627 	.db #0x08	; 8
      000244 08                     628 	.db #0x08	; 8
      000245 08                     629 	.db #0x08	; 8
      000246 08                     630 	.db #0x08	; 8
      000247 08                     631 	.db #0x08	; 8
      000248 08                     632 	.db #0x08	; 8
      000249 08                     633 	.db #0x08	; 8
      00024A 08                     634 	.db #0x08	; 8
      00024B 08                     635 	.db #0x08	; 8
      00024C 08                     636 	.db #0x08	; 8
      00024D 08                     637 	.db #0x08	; 8
      00024E 08                     638 	.db #0x08	; 8
      00024F 08                     639 	.db #0x08	; 8
      000250 08                     640 	.db #0x08	; 8
      000251 08                     641 	.db #0x08	; 8
      000252 08                     642 	.db #0x08	; 8
      000253 08                     643 	.db #0x08	; 8
      000254 08                     644 	.db #0x08	; 8
      000255 08                     645 	.db #0x08	; 8
      000256 08                     646 	.db #0x08	; 8
      000257 08                     647 	.db #0x08	; 8
      000258 08                     648 	.db #0x08	; 8
      000259 08                     649 	.db #0x08	; 8
      00025A 08                     650 	.db #0x08	; 8
      00025B 08                     651 	.db #0x08	; 8
      00025C 08                     652 	.db #0x08	; 8
      00025D 08                     653 	.db #0x08	; 8
      00025E 08                     654 	.db #0x08	; 8
      00025F 08                     655 	.db #0x08	; 8
      000260 08                     656 	.db #0x08	; 8
      000261 08                     657 	.db #0x08	; 8
      000262 08                     658 	.db #0x08	; 8
      000263 08                     659 	.db #0x08	; 8
      000264 08                     660 	.db #0x08	; 8
      000265 08                     661 	.db #0x08	; 8
      000266 08                     662 	.db #0x08	; 8
      000267 08                     663 	.db #0x08	; 8
      000268 08                     664 	.db #0x08	; 8
      000269 08                     665 	.db #0x08	; 8
      00026A 08                     666 	.db #0x08	; 8
      00026B 08                     667 	.db #0x08	; 8
      00026C 08                     668 	.db #0x08	; 8
      00026D 08                     669 	.db #0x08	; 8
      00026E 08                     670 	.db #0x08	; 8
      00026F 08                     671 	.db #0x08	; 8
      000270 08                     672 	.db #0x08	; 8
      000271 08                     673 	.db #0x08	; 8
      000272 08                     674 	.db #0x08	; 8
      000273 08                     675 	.db #0x08	; 8
      000274 08                     676 	.db #0x08	; 8
      000275 08                     677 	.db #0x08	; 8
      000276 08                     678 	.db #0x08	; 8
      000277 08                     679 	.db #0x08	; 8
      000278 08                     680 	.db #0x08	; 8
      000279 08                     681 	.db #0x08	; 8
      00027A 08                     682 	.db #0x08	; 8
      00027B 08                     683 	.db #0x08	; 8
      00027C 08                     684 	.db #0x08	; 8
      00027D 08                     685 	.db #0x08	; 8
      00027E 08                     686 	.db #0x08	; 8
      00027F 08                     687 	.db #0x08	; 8
      000280 08                     688 	.db #0x08	; 8
      000281 08                     689 	.db #0x08	; 8
      000282 08                     690 	.db #0x08	; 8
      000283 08                     691 	.db #0x08	; 8
      000284 08                     692 	.db #0x08	; 8
      000285 08                     693 	.db #0x08	; 8
      000286 08                     694 	.db #0x08	; 8
      000287 08                     695 	.db #0x08	; 8
      000288 08                     696 	.db #0x08	; 8
      000289 08                     697 	.db #0x08	; 8
      00028A 08                     698 	.db #0x08	; 8
      00028B 08                     699 	.db #0x08	; 8
      00028C 08                     700 	.db #0x08	; 8
      00028D 08                     701 	.db #0x08	; 8
      00028E 08                     702 	.db #0x08	; 8
      00028F 08                     703 	.db #0x08	; 8
      000290 08                     704 	.db #0x08	; 8
      000291 08                     705 	.db #0x08	; 8
      000292 08                     706 	.db #0x08	; 8
      000293 08                     707 	.db #0x08	; 8
      000294 08                     708 	.db #0x08	; 8
      000295 08                     709 	.db #0x08	; 8
      000296 08                     710 	.db #0x08	; 8
      000297 08                     711 	.db #0x08	; 8
      000298 08                     712 	.db #0x08	; 8
      000299 08                     713 	.db #0x08	; 8
      00029A 08                     714 	.db #0x08	; 8
      00029B 08                     715 	.db #0x08	; 8
      00029C 08                     716 	.db #0x08	; 8
      00029D 08                     717 	.db #0x08	; 8
      00029E 08                     718 	.db #0x08	; 8
      00029F 08                     719 	.db #0x08	; 8
      0002A0 08                     720 	.db #0x08	; 8
      0002A1 08                     721 	.db #0x08	; 8
      0002A2 08                     722 	.db #0x08	; 8
      0002A3 08                     723 	.db #0x08	; 8
      0002A4 08                     724 	.db #0x08	; 8
      0002A5 08                     725 	.db #0x08	; 8
      0002A6 08                     726 	.db #0x08	; 8
      0002A7 08                     727 	.db #0x08	; 8
      0002A8 08                     728 	.db #0x08	; 8
      0002A9 08                     729 	.db #0x08	; 8
      0002AA 08                     730 	.db #0x08	; 8
      0002AB 08                     731 	.db #0x08	; 8
      0002AC 08                     732 	.db #0x08	; 8
      0002AD 08                     733 	.db #0x08	; 8
      0002AE 08                     734 	.db #0x08	; 8
      0002AF 08                     735 	.db #0x08	; 8
      0002B0 08                     736 	.db #0x08	; 8
      0002B1 08                     737 	.db #0x08	; 8
      0002B2 08                     738 	.db #0x08	; 8
      0002B3 08                     739 	.db #0x08	; 8
      0002B4 08                     740 	.db #0x08	; 8
      0002B5 08                     741 	.db #0x08	; 8
      0002B6 08                     742 	.db #0x08	; 8
      0002B7 08                     743 	.db #0x08	; 8
      0002B8 08                     744 	.db #0x08	; 8
      0002B9 08                     745 	.db #0x08	; 8
      0002BA 08                     746 	.db #0x08	; 8
      0002BB 08                     747 	.db #0x08	; 8
      0002BC 08                     748 	.db #0x08	; 8
      0002BD 08                     749 	.db #0x08	; 8
      0002BE 08                     750 	.db #0x08	; 8
      0002BF 08                     751 	.db #0x08	; 8
      0002C0 08                     752 	.db #0x08	; 8
      0002C1 08                     753 	.db #0x08	; 8
      0002C2 08                     754 	.db #0x08	; 8
      0002C3 08                     755 	.db #0x08	; 8
      0002C4 08                     756 	.db #0x08	; 8
      0002C5 08                     757 	.db #0x08	; 8
      0002C6 08                     758 	.db #0x08	; 8
      0002C7 08                     759 	.db #0x08	; 8
      0002C8 08                     760 	.db #0x08	; 8
      0002C9 08                     761 	.db #0x08	; 8
      0002CA 08                     762 	.db #0x08	; 8
      0002CB 08                     763 	.db #0x08	; 8
      0002CC 08                     764 	.db #0x08	; 8
      0002CD 08                     765 	.db #0x08	; 8
      0002CE 08                     766 	.db #0x08	; 8
      0002CF 08                     767 	.db #0x08	; 8
                                    768 	.area _CABS (ABS)
