                                      1 ;--------------------------------------------------------
                                      2 ; File Created by SDCC : free open source ANSI-C Compiler
                                      3 ; Version 4.1.6 #12539 (MINGW32)
                                      4 ;--------------------------------------------------------
                                      5 	.module sprite
                                      6 	.optsdcc -mgbz80
                                      7 	
                                      8 ;--------------------------------------------------------
                                      9 ; Public variables in this module
                                     10 ;--------------------------------------------------------
                                     11 	.globl _tiles
                                     12 ;--------------------------------------------------------
                                     13 ; special function registers
                                     14 ;--------------------------------------------------------
                                     15 ;--------------------------------------------------------
                                     16 ; ram data
                                     17 ;--------------------------------------------------------
                                     18 	.area _DATA
                                     19 ;--------------------------------------------------------
                                     20 ; ram data
                                     21 ;--------------------------------------------------------
                                     22 	.area _INITIALIZED
      000000                         23 _tiles::
      000000                         24 	.ds 192
                                     25 ;--------------------------------------------------------
                                     26 ; absolute external ram data
                                     27 ;--------------------------------------------------------
                                     28 	.area _DABS (ABS)
                                     29 ;--------------------------------------------------------
                                     30 ; global & static initialisations
                                     31 ;--------------------------------------------------------
                                     32 	.area _HOME
                                     33 	.area _GSINIT
                                     34 	.area _GSFINAL
                                     35 	.area _GSINIT
                                     36 ;--------------------------------------------------------
                                     37 ; Home
                                     38 ;--------------------------------------------------------
                                     39 	.area _HOME
                                     40 	.area _HOME
                                     41 ;--------------------------------------------------------
                                     42 ; code
                                     43 ;--------------------------------------------------------
                                     44 	.area _CODE
                                     45 	.area _CODE
                                     46 	.area _INITIALIZER
      000000                         47 __xinit__tiles:
      000000 66                      48 	.db #0x66	; 102	'f'
      000001 24                      49 	.db #0x24	; 36
      000002 3C                      50 	.db #0x3c	; 60
      000003 18                      51 	.db #0x18	; 24
      000004 18                      52 	.db #0x18	; 24
      000005 24                      53 	.db #0x24	; 36
      000006 5A                      54 	.db #0x5a	; 90	'Z'
      000007 00                      55 	.db #0x00	; 0
      000008 DB                      56 	.db #0xdb	; 219
      000009 18                      57 	.db #0x18	; 24
      00000A 3C                      58 	.db #0x3c	; 60
      00000B 3C                      59 	.db #0x3c	; 60
      00000C 7E                      60 	.db #0x7e	; 126
      00000D 7E                      61 	.db #0x7e	; 126
      00000E 7E                      62 	.db #0x7e	; 126
      00000F 7E                      63 	.db #0x7e	; 126
      000010 18                      64 	.db #0x18	; 24
      000011 18                      65 	.db #0x18	; 24
      000012 18                      66 	.db #0x18	; 24
      000013 18                      67 	.db #0x18	; 24
      000014 3C                      68 	.db #0x3c	; 60
      000015 3C                      69 	.db #0x3c	; 60
      000016 18                      70 	.db #0x18	; 24
      000017 00                      71 	.db #0x00	; 0
      000018 3C                      72 	.db #0x3c	; 60
      000019 00                      73 	.db #0x00	; 0
      00001A 3C                      74 	.db #0x3c	; 60
      00001B 3C                      75 	.db #0x3c	; 60
      00001C 7E                      76 	.db #0x7e	; 126
      00001D 7E                      77 	.db #0x7e	; 126
      00001E 7E                      78 	.db #0x7e	; 126
      00001F 7E                      79 	.db #0x7e	; 126
      000020 12                      80 	.db #0x12	; 18
      000021 12                      81 	.db #0x12	; 18
      000022 61                      82 	.db #0x61	; 97	'a'
      000023 61                      83 	.db #0x61	; 97	'a'
      000024 96                      84 	.db #0x96	; 150
      000025 96                      85 	.db #0x96	; 150
      000026 1C                      86 	.db #0x1c	; 28
      000027 1C                      87 	.db #0x1c	; 28
      000028 62                      88 	.db #0x62	; 98	'b'
      000029 62                      89 	.db #0x62	; 98	'b'
      00002A 53                      90 	.db #0x53	; 83	'S'
      00002B 53                      91 	.db #0x53	; 83	'S'
      00002C 9E                      92 	.db #0x9e	; 158
      00002D 9E                      93 	.db #0x9e	; 158
      00002E 22                      94 	.db #0x22	; 34
      00002F 22                      95 	.db #0x22	; 34
      000030 FF                      96 	.db #0xff	; 255
      000031 FF                      97 	.db #0xff	; 255
      000032 01                      98 	.db #0x01	; 1
      000033 01                      99 	.db #0x01	; 1
      000034 01                     100 	.db #0x01	; 1
      000035 01                     101 	.db #0x01	; 1
      000036 01                     102 	.db #0x01	; 1
      000037 01                     103 	.db #0x01	; 1
      000038 FF                     104 	.db #0xff	; 255
      000039 FF                     105 	.db #0xff	; 255
      00003A 10                     106 	.db #0x10	; 16
      00003B 10                     107 	.db #0x10	; 16
      00003C 10                     108 	.db #0x10	; 16
      00003D 10                     109 	.db #0x10	; 16
      00003E 10                     110 	.db #0x10	; 16
      00003F 10                     111 	.db #0x10	; 16
      000040 FF                     112 	.db #0xff	; 255
      000041 FF                     113 	.db #0xff	; 255
      000042 01                     114 	.db #0x01	; 1
      000043 01                     115 	.db #0x01	; 1
      000044 01                     116 	.db #0x01	; 1
      000045 01                     117 	.db #0x01	; 1
      000046 01                     118 	.db #0x01	; 1
      000047 01                     119 	.db #0x01	; 1
      000048 FF                     120 	.db #0xff	; 255
      000049 FF                     121 	.db #0xff	; 255
      00004A 11                     122 	.db #0x11	; 17
      00004B 11                     123 	.db #0x11	; 17
      00004C 11                     124 	.db #0x11	; 17
      00004D 11                     125 	.db #0x11	; 17
      00004E 11                     126 	.db #0x11	; 17
      00004F 11                     127 	.db #0x11	; 17
      000050 FF                     128 	.db #0xff	; 255
      000051 FF                     129 	.db #0xff	; 255
      000052 80                     130 	.db #0x80	; 128
      000053 80                     131 	.db #0x80	; 128
      000054 80                     132 	.db #0x80	; 128
      000055 80                     133 	.db #0x80	; 128
      000056 80                     134 	.db #0x80	; 128
      000057 80                     135 	.db #0x80	; 128
      000058 FF                     136 	.db #0xff	; 255
      000059 FF                     137 	.db #0xff	; 255
      00005A 88                     138 	.db #0x88	; 136
      00005B 88                     139 	.db #0x88	; 136
      00005C 88                     140 	.db #0x88	; 136
      00005D 88                     141 	.db #0x88	; 136
      00005E 88                     142 	.db #0x88	; 136
      00005F 88                     143 	.db #0x88	; 136
      000060 81                     144 	.db #0x81	; 129
      000061 00                     145 	.db #0x00	; 0
      000062 42                     146 	.db #0x42	; 66	'B'
      000063 00                     147 	.db #0x00	; 0
      000064 24                     148 	.db #0x24	; 36
      000065 00                     149 	.db #0x00	; 0
      000066 18                     150 	.db #0x18	; 24
      000067 00                     151 	.db #0x00	; 0
      000068 18                     152 	.db #0x18	; 24
      000069 00                     153 	.db #0x00	; 0
      00006A 24                     154 	.db #0x24	; 36
      00006B 00                     155 	.db #0x00	; 0
      00006C 42                     156 	.db #0x42	; 66	'B'
      00006D 00                     157 	.db #0x00	; 0
      00006E 81                     158 	.db #0x81	; 129
      00006F 00                     159 	.db #0x00	; 0
      000070 FF                     160 	.db #0xff	; 255
      000071 00                     161 	.db #0x00	; 0
      000072 81                     162 	.db #0x81	; 129
      000073 00                     163 	.db #0x00	; 0
      000074 BD                     164 	.db #0xbd	; 189
      000075 00                     165 	.db #0x00	; 0
      000076 A5                     166 	.db #0xa5	; 165
      000077 00                     167 	.db #0x00	; 0
      000078 A5                     168 	.db #0xa5	; 165
      000079 00                     169 	.db #0x00	; 0
      00007A BD                     170 	.db #0xbd	; 189
      00007B 00                     171 	.db #0x00	; 0
      00007C 81                     172 	.db #0x81	; 129
      00007D 00                     173 	.db #0x00	; 0
      00007E FF                     174 	.db #0xff	; 255
      00007F 00                     175 	.db #0x00	; 0
      000080 55                     176 	.db #0x55	; 85	'U'
      000081 00                     177 	.db #0x00	; 0
      000082 AA                     178 	.db #0xaa	; 170
      000083 00                     179 	.db #0x00	; 0
      000084 55                     180 	.db #0x55	; 85	'U'
      000085 00                     181 	.db #0x00	; 0
      000086 AA                     182 	.db #0xaa	; 170
      000087 00                     183 	.db #0x00	; 0
      000088 55                     184 	.db #0x55	; 85	'U'
      000089 00                     185 	.db #0x00	; 0
      00008A AA                     186 	.db #0xaa	; 170
      00008B 00                     187 	.db #0x00	; 0
      00008C 55                     188 	.db #0x55	; 85	'U'
      00008D 00                     189 	.db #0x00	; 0
      00008E AA                     190 	.db #0xaa	; 170
      00008F 00                     191 	.db #0x00	; 0
      000090 00                     192 	.db #0x00	; 0
      000091 00                     193 	.db #0x00	; 0
      000092 00                     194 	.db #0x00	; 0
      000093 00                     195 	.db #0x00	; 0
      000094 00                     196 	.db #0x00	; 0
      000095 00                     197 	.db #0x00	; 0
      000096 00                     198 	.db #0x00	; 0
      000097 00                     199 	.db #0x00	; 0
      000098 00                     200 	.db #0x00	; 0
      000099 00                     201 	.db #0x00	; 0
      00009A FF                     202 	.db #0xff	; 255
      00009B FF                     203 	.db #0xff	; 255
      00009C 00                     204 	.db #0x00	; 0
      00009D FF                     205 	.db #0xff	; 255
      00009E FF                     206 	.db #0xff	; 255
      00009F 00                     207 	.db #0x00	; 0
      0000A0 00                     208 	.db #0x00	; 0
      0000A1 00                     209 	.db #0x00	; 0
      0000A2 00                     210 	.db #0x00	; 0
      0000A3 00                     211 	.db #0x00	; 0
      0000A4 00                     212 	.db #0x00	; 0
      0000A5 00                     213 	.db #0x00	; 0
      0000A6 00                     214 	.db #0x00	; 0
      0000A7 00                     215 	.db #0x00	; 0
      0000A8 AA                     216 	.db #0xaa	; 170
      0000A9 00                     217 	.db #0x00	; 0
      0000AA 66                     218 	.db #0x66	; 102	'f'
      0000AB 00                     219 	.db #0x00	; 0
      0000AC 33                     220 	.db #0x33	; 51	'3'
      0000AD CC                     221 	.db #0xcc	; 204
      0000AE FF                     222 	.db #0xff	; 255
      0000AF FF                     223 	.db #0xff	; 255
      0000B0 00                     224 	.db #0x00	; 0
      0000B1 FF                     225 	.db #0xff	; 255
      0000B2 00                     226 	.db #0x00	; 0
      0000B3 DD                     227 	.db #0xdd	; 221
      0000B4 00                     228 	.db #0x00	; 0
      0000B5 BB                     229 	.db #0xbb	; 187
      0000B6 00                     230 	.db #0x00	; 0
      0000B7 FF                     231 	.db #0xff	; 255
      0000B8 00                     232 	.db #0x00	; 0
      0000B9 FF                     233 	.db #0xff	; 255
      0000BA 00                     234 	.db #0x00	; 0
      0000BB DD                     235 	.db #0xdd	; 221
      0000BC 00                     236 	.db #0x00	; 0
      0000BD BB                     237 	.db #0xbb	; 187
      0000BE 00                     238 	.db #0x00	; 0
      0000BF FF                     239 	.db #0xff	; 255
                                    240 	.area _CABS (ABS)
