ASxxxx Linker V03.00 + NoICE + sdld,  page 1.
Hexadecimal  [32-Bits]

Area                       Addr        Size        Decimal Bytes (Attributes)
--------------------       ----        ----        ------- ----- ------------
.  .ABS.               00000000    00000000 =           0. bytes (ABS,CON)

        Value  Global            Value  Global            Value  Global    
        -----  ------            -----  ------            -----  ------    
     00000000  .__.ABS.  |    00000000  _rRAMG    |    00000000  l__BASE  
     00000000  l__BSS    |    00000000  l__CABS   |    00000000  l__CODE_0
     00000000  l__DABS   |    00000000  l__FONT_H |    00000000  l__HEADER
     00000000  l__HEADER |    00000000  l__HEAP   |    00000000  l__HRAM  
     00000000  l__LIT    |    00000000  s__CABS   |    00000000  s__DABS  
     00000000  s__FONT_H |    00000000  s__FONT_H |    00000000  s__HEADER
     00000000  s__HEADER |    00000000  s__HEADER |    00000000  s__HEADER
     00000000  s__HEADER |    00000000  s__HEADER |    00000000  s__HEADER
     00000000  s__HEADER |    00000000  s__HEADER |    00000000  s__HEADER
     00000000  s__HEADER |    00000000  s__HEADER |    00000000  s__HEADER
     00000000  s__HEADER |    00000000  s__HEADER |    00000000  s__HEADER
     00000000  s__HEADER |    00000000  s__HEADER |    00000000  s__HEADER
     00000000  s__HEADER |    00000000  s__HEADER |    00000000  s__HRAM  
     00000000  s__HRAM12 |    00000001  l__GSFINA |    00000001  l__HEADER
     00000001  l__HEADER |    00000001  l__HEADER |    00000001  l__HEADER
     00000001  l__HEADER |    00000001  l__HEADER |    00000001  l__HEADER
     00000002  l__HEADER |    00000002  l__HEADER |    00000002  l__HEADER
     00000003  l__FONT_H |    00000003  l__HEADER |    00000003  l__HEADER
     00000003  l__HRAM12 |    00000005  l__HEADER |    00000006  l__HEADER
     00000007  l__HEADER |    00000008  l__HEADER |    0000000C  l__GSINIT
     00000018  l__INITIA |    00000018  l__INITIA |    00000030  l__HEADER
     0000003F  l__DATA   |    0000004E  l__HEADER |    00000082  l__HEADER
     00000200  s__CODE   |    0000053F  l__CODE   |    0000073F  s__HOME  
     00000A7C  l__HOME   |    000011BB  s__BASE   |    000011BB  s__CODE_0
     000011BB  s__INITIA |    000011BB  s__LIT    |    000011D3  s__GSINIT
     000011DF  s__GSFINA |    00002000  _rROMB0   |    00003000  _rROMB1  
     00004000  _rRAMB    |    00008000  __VRAM    |    00008000  __VRAM800
     00008800  __VRAM880 |    00009000  __VRAM900 |    00009800  __SCRN0  
     00009C00  __SCRN1   |    0000A000  __SRAM    |    0000C000  __RAM    
     0000C000  _shadow_O |    0000C0A0  s__DATA   |    0000C0DF  s__BSS   
     0000C0DF  s__INITIA |    0000C0F7  s__HEAP   |    0000D000  __RAMBANK
     0000E000  .STACK    |    0000FE00  __OAMRAM  |    0000FF00  _P1_REG  
     0000FF00  __IO      |    0000FF01  _SB_REG   |    0000FF02  _SC_REG  
     0000FF04  _DIV_REG  |    0000FF05  _TIMA_REG |    0000FF06  _TMA_REG 
     0000FF07  _TAC_REG  |    0000FF0F  _IF_REG   |    0000FF10  _NR10_REG
     0000FF11  _NR11_REG |    0000FF12  _NR12_REG |    0000FF13  _NR13_REG
     0000FF14  _NR14_REG |    0000FF16  _NR21_REG |    0000FF17  _NR22_REG
     0000FF18  _NR23_REG |    0000FF19  _NR24_REG |    0000FF1A  _NR30_REG
     0000FF1B  _NR31_REG |    0000FF1C  _NR32_REG |    0000FF1D  _NR33_REG
     0000FF1E  _NR34_REG |    0000FF20  _NR41_REG |    0000FF21  _NR42_REG
     0000FF22  _NR43_REG |    0000FF23  _NR44_REG |    0000FF24  _NR50_REG
     0000FF25  _NR51_REG |    0000FF26  _NR52_REG |    0000FF30  _AUD3WAVE
     0000FF30  _PCM_SAMP |    0000FF30  __AUD3WAV |    0000FF40  _LCDC_REG
     0000FF41  _STAT_REG |    0000FF42  _SCY_REG  |    0000FF43  _SCX_REG 
     0000FF44  _LY_REG   |    0000FF45  _LYC_REG  |    0000FF46  _DMA_REG 
     0000FF47  _BGP_REG  |    0000FF48  _OBP0_REG |    0000FF49  _OBP1_REG
     0000FF4A  _WY_REG   |    0000FF4B  _WX_REG   |    0000FF4D  _KEY1_REG
     0000FF4F  _VBK_REG  |    0000FF51  _HDMA1_RE |    0000FF52  _HDMA2_RE
     0000FF53  _HDMA3_RE |    0000FF54  _HDMA4_RE |    0000FF55  _HDMA5_RE
     0000FF56  _RP_REG   |    0000FF68  _BCPS_REG |    0000FF69  _BCPD_REG
ASxxxx Linker V03.00 + NoICE + sdld,  page 2.
Hexadecimal  [32-Bits]

Area                       Addr        Size        Decimal Bytes (Attributes)
--------------------       ----        ----        ------- ----- ------------
.  .ABS.               00000000    00000000 =           0. bytes (ABS,CON)

        Value  Global            Value  Global            Value  Global    
        -----  ------            -----  ------            -----  ------    
     0000FF6A  _OCPS_REG |    0000FF6B  _OCPD_REG |    0000FF70  _SVBK_REG
     0000FF76  _PCM12_RE |    0000FF77  _PCM34_RE |    0000FF80  .refresh_
     0000FF80  __HRAM    |    0000FFFF  _IE_REG  
ASxxxx Linker V03.00 + NoICE + sdld,  page 3.
Hexadecimal  [32-Bits]

Area                       Addr        Size        Decimal Bytes (Attributes)
--------------------       ----        ----        ------- ----- ------------
_CODE                  00000200    0000053F =        1343. bytes (REL,CON)

        Value  Global            Value  Global            Value  Global    
        -----  ------            -----  ------            -----  ------    
     00000200  A$lcc1138 |    00000200  C$main.c$ |    00000200  C$main.c$
     00000200  G$init$0$ |    00000200  _init     |    00000202  A$lcc1138
     00000204  A$lcc1138 |    00000204  C$main.c$ |    00000206  A$lcc1138
     00000208  A$lcc1138 |    00000208  C$main.c$ |    0000020A  A$lcc1138
     0000020C  A$lcc1138 |    0000020C  C$main.c$ |    0000020F  A$lcc1138
     0000020F  C$main.c$ |    00000212  A$lcc1138 |    00000213  A$lcc1138
     00000216  A$lcc1138 |    00000217  A$lcc1138 |    00000218  A$lcc1138
     0000021B  A$lcc1138 |    0000021C  A$lcc1138 |    0000021C  C$main.c$
     0000021F  A$lcc1138 |    00000220  A$lcc1138 |    00000223  A$lcc1138
     00000224  A$lcc1138 |    00000227  A$lcc1138 |    00000229  A$lcc1138
     00000229  C$main.c$ |    0000022C  A$lcc1138 |    0000022D  A$lcc1138
     00000230  A$lcc1138 |    00000231  A$lcc1138 |    00000232  A$lcc1138
     00000233  A$lcc1138 |    00000234  A$lcc1138 |    00000237  A$lcc1138
     00000239  A$lcc1138 |    00000239  C$main.c$ |    0000023B  A$lcc1138
     0000023D  A$lcc1138 |    0000023F  A$lcc1138 |    0000023F  C$main.c$
     00000241  A$lcc1138 |    00000243  A$lcc1138 |    00000245  A$lcc1138
     00000245  C$main.c$ |    00000246  A$lcc1138 |    00000249  A$lcc1138
     0000024A  A$lcc1138 |    0000024D  A$lcc1138 |    0000024F  A$lcc1138
     00000252  A$lcc1138 |    00000254  A$lcc1138 |    00000257  A$lcc1138
     00000258  A$lcc1138 |    0000025B  A$lcc1138 |    0000025C  A$lcc1138
     0000025F  A$lcc1138 |    00000260  A$lcc1138 |    00000261  A$lcc1138
     00000262  A$lcc1138 |    00000262  C$main.c$ |    00000264  A$lcc1138
     00000266  A$lcc1138 |    00000268  A$lcc1138 |    00000268  C$main.c$
     0000026B  A$lcc1138 |    0000026C  A$lcc1138 |    0000026F  A$lcc1138
     00000270  A$lcc1138 |    00000271  A$lcc1138 |    00000272  A$lcc1138
     00000273  A$lcc1138 |    00000276  A$lcc1138 |    00000278  A$lcc1138
     0000027A  A$lcc1138 |    0000027C  A$lcc1138 |    0000027E  A$lcc1138
     00000280  A$lcc1138 |    00000280  C$main.c$ |    00000282  A$lcc1138
     00000284  A$lcc1138 |    00000286  A$lcc1138 |    00000286  C$main.c$
     00000286  XG$init$0 |    00000287  A$lcc1138 |    00000287  C$main.c$
     00000287  C$main.c$ |    00000287  G$nonBloc |    00000287  _nonBlock
     00000289  A$lcc1138 |    0000028A  A$lcc1138 |    0000028C  A$lcc1138
     0000028D  A$lcc1138 |    0000028E  A$lcc1138 |    00000291  A$lcc1138
     00000292  A$lcc1138 |    00000292  C$main.c$ |    00000292  XG$nonBlo
     00000294  A$lcc1138 |    00000294  C$main.c$ |    00000294  C$main.c$
     00000294  G$noise$0 |    00000294  _noise    |    00000296  A$lcc1138
     00000298  A$lcc1138 |    00000298  C$main.c$ |    0000029A  A$lcc1138
     0000029C  A$lcc1138 |    0000029C  C$main.c$ |    0000029E  A$lcc1138
     000002A0  A$lcc1138 |    000002A0  C$main.c$ |    000002A2  A$lcc1138
     000002A4  A$lcc1138 |    000002A4  C$main.c$ |    000002A4  XG$noise$
     000002A5  A$lcc1138 |    000002A5  C$main.c$ |    000002A5  C$main.c$
     000002A5  G$jumpsou |    000002A5  _jumpsoun |    000002A7  A$lcc1138
     000002A9  A$lcc1138 |    000002A9  C$main.c$ |    000002AB  A$lcc1138
     000002AD  A$lcc1138 |    000002AD  C$main.c$ |    000002AF  A$lcc1138
     000002B1  A$lcc1138 |    000002B1  C$main.c$ |    000002B2  A$lcc1138
     000002B4  A$lcc1138 |    000002B4  C$main.c$ |    000002B6  A$lcc1138
     000002B8  A$lcc1138 |    000002B8  C$main.c$ |    000002B8  XG$jumpso
     000002B9  A$lcc1138 |    000002B9  C$main.c$ |    000002B9  C$main.c$
     000002B9  G$main$0$ |    000002B9  _main     |    000002BC  A$lcc1138
     000002BC  C$main.c$ |    000002BE  A$lcc1138 |    000002BF  A$lcc1138
ASxxxx Linker V03.00 + NoICE + sdld,  page 4.
Hexadecimal  [32-Bits]

Area                       Addr        Size        Decimal Bytes (Attributes)
--------------------       ----        ----        ------- ----- ------------
_CODE                  00000200    0000053F =        1343. bytes (REL,CON)

        Value  Global            Value  Global            Value  Global    
        -----  ------            -----  ------            -----  ------    
     000002C1  A$lcc1138 |    000002C4  A$lcc1138 |    000002C5  A$lcc1138
     000002C8  A$lcc1138 |    000002C9  A$lcc1138 |    000002C9  C$main.c$
     000002CC  A$lcc1138 |    000002CF  A$lcc1138 |    000002D0  A$lcc1138
     000002D0  C$main.c$ |    000002D3  A$lcc1138 |    000002D4  A$lcc1138
     000002D6  A$lcc1138 |    000002D8  A$lcc1138 |    000002DA  A$lcc1138
     000002DC  A$lcc1138 |    000002DE  A$lcc1138 |    000002DE  C$main.c$
     000002E1  A$lcc1138 |    000002E1  C$main.c$ |    000002E3  A$lcc1138
     000002E3  C$main.c$ |    000002E6  A$lcc1138 |    000002E6  C$main.c$
     000002E6  C$main.c$ |    000002E9  A$lcc1138 |    000002EB  A$lcc1138
     000002ED  A$lcc1138 |    000002F0  A$lcc1138 |    000002F1  A$lcc1138
     000002F2  A$lcc1138 |    000002F5  A$lcc1138 |    000002F8  A$lcc1138
     000002F9  A$lcc1138 |    000002FA  A$lcc1138 |    000002FB  A$lcc1138
     000002FC  A$lcc1138 |    000002FD  A$lcc1138 |    000002FD  C$main.c$
     00000300  A$lcc1138 |    00000301  A$lcc1138 |    00000303  A$lcc1138
     00000306  A$lcc1138 |    00000307  A$lcc1138 |    00000308  A$lcc1138
     0000030B  A$lcc1138 |    0000030E  A$lcc1138 |    0000030F  A$lcc1138
     00000310  A$lcc1138 |    00000311  A$lcc1138 |    00000311  C$main.c$
     00000314  A$lcc1138 |    00000316  A$lcc1138 |    00000318  A$lcc1138
     0000031B  A$lcc1138 |    0000031C  A$lcc1138 |    0000031D  A$lcc1138
     00000320  A$lcc1138 |    00000323  A$lcc1138 |    00000324  A$lcc1138
     00000325  A$lcc1138 |    00000326  A$lcc1138 |    00000327  A$lcc1138
     0000032A  A$lcc1138 |    0000032B  A$lcc1138 |    0000032E  A$lcc1138
     0000032F  A$lcc1138 |    00000330  A$lcc1138 |    00000333  A$lcc1138
     00000334  A$lcc1138 |    00000335  A$lcc1138 |    00000336  A$lcc1138
     00000337  A$lcc1138 |    00000338  A$lcc1138 |    00000339  A$lcc1138
     0000033A  A$lcc1138 |    0000033B  A$lcc1138 |    0000033B  C$main.c$
     0000033E  A$lcc1138 |    00000340  A$lcc1138 |    00000342  A$lcc1138
     00000345  A$lcc1138 |    00000346  A$lcc1138 |    00000347  A$lcc1138
     0000034A  A$lcc1138 |    0000034D  A$lcc1138 |    0000034E  A$lcc1138
     0000034F  A$lcc1138 |    00000350  A$lcc1138 |    00000350  C$main.c$
     00000353  A$lcc1138 |    00000354  A$lcc1138 |    00000354  C$main.c$
     00000356  A$lcc1138 |    00000358  A$lcc1138 |    0000035B  A$lcc1138
     0000035C  A$lcc1138 |    0000035E  A$lcc1138 |    0000035F  A$lcc1138
     00000360  A$lcc1138 |    00000362  A$lcc1138 |    00000364  A$lcc1138
     00000366  A$lcc1138 |    00000369  A$lcc1138 |    00000369  C$main.c$
     0000036B  A$lcc1138 |    0000036D  A$lcc1138 |    00000370  A$lcc1138
     00000372  A$lcc1138 |    00000374  A$lcc1138 |    00000377  A$lcc1138
     00000379  A$lcc1138 |    00000379  C$main.c$ |    0000037C  A$lcc1138
     0000037D  A$lcc1138 |    0000037E  A$lcc1138 |    00000381  A$lcc1138
     00000382  A$lcc1138 |    00000384  A$lcc1138 |    00000385  A$lcc1138
     00000386  A$lcc1138 |    00000389  A$lcc1138 |    0000038A  A$lcc1138
     0000038D  A$lcc1138 |    0000038E  A$lcc1138 |    0000038F  A$lcc1138
     00000392  A$lcc1138 |    00000393  A$lcc1138 |    00000394  A$lcc1138
     00000395  A$lcc1138 |    00000396  A$lcc1138 |    00000397  A$lcc1138
     00000398  A$lcc1138 |    00000399  A$lcc1138 |    0000039A  A$lcc1138
     0000039D  A$lcc1138 |    0000039E  A$lcc1138 |    000003A1  A$lcc1138
     000003A2  A$lcc1138 |    000003A3  A$lcc1138 |    000003A4  A$lcc1138
     000003A4  C$main.c$ |    000003A6  A$lcc1138 |    000003A7  A$lcc1138
     000003A8  A$lcc1138 |    000003AB  A$lcc1138 |    000003AC  A$lcc1138
     000003AC  C$main.c$ |    000003AC  XG$main$0 |    000003AF  G$map$0_0
     000003AF  _map      |    0000067F  G$tiles$0 |    0000067F  _tiles   
ASxxxx Linker V03.00 + NoICE + sdld,  page 5.
Hexadecimal  [32-Bits]

Area                       Addr        Size        Decimal Bytes (Attributes)
--------------------       ----        ----        ------- ----- ------------
_HEADER0               00000000    00000001 =           1. bytes (ABS,CON)

        Value  Global            Value  Global            Value  Global    
        -----  ------            -----  ------            -----  ------    
     00000020  .call_hl 
ASxxxx Linker V03.00 + NoICE + sdld,  page 6.
Hexadecimal  [32-Bits]

Area                       Addr        Size        Decimal Bytes (Attributes)
--------------------       ----        ----        ------- ----- ------------
_HEADER1               00000000    00000005 =           5. bytes (ABS,CON)

        Value  Global            Value  Global            Value  Global    
        -----  ------            -----  ------            -----  ------    
     00000028  .MemsetSm
ASxxxx Linker V03.00 + NoICE + sdld,  page 7.
Hexadecimal  [32-Bits]

Area                       Addr        Size        Decimal Bytes (Attributes)
--------------------       ----        ----        ------- ----- ------------
_HEADER2               00000000    00000007 =           7. bytes (ABS,CON)

        Value  Global            Value  Global            Value  Global    
        -----  ------            -----  ------            -----  ------    
     00000030  .MemcpySm
ASxxxx Linker V03.00 + NoICE + sdld,  page 8.
Hexadecimal  [32-Bits]

Area                       Addr        Size        Decimal Bytes (Attributes)
--------------------       ----        ----        ------- ----- ------------
_HEADER3               00000000    00000008 =           8. bytes (ABS,CON)

        Value  Global            Value  Global            Value  Global    
        -----  ------            -----  ------            -----  ------    
ASxxxx Linker V03.00 + NoICE + sdld,  page 9.
Hexadecimal  [32-Bits]

Area                       Addr        Size        Decimal Bytes (Attributes)
--------------------       ----        ----        ------- ----- ------------
_HEADER4               00000000    0000004E =          78. bytes (ABS,CON)

        Value  Global            Value  Global            Value  Global    
        -----  ------            -----  ------            -----  ------    
     00000080  .int      |    0000008F  _wait_int |    0000009C  __standar
     000000AC  _refresh_
ASxxxx Linker V03.00 + NoICE + sdld,  page 10.
Hexadecimal  [32-Bits]

Area                       Addr        Size        Decimal Bytes (Attributes)
--------------------       ----        ----        ------- ----- ------------
_HEADER5               00000000    00000002 =           2. bytes (ABS,CON)

        Value  Global            Value  Global            Value  Global    
        -----  ------            -----  ------            -----  ------    
ASxxxx Linker V03.00 + NoICE + sdld,  page 11.
Hexadecimal  [32-Bits]

Area                       Addr        Size        Decimal Bytes (Attributes)
--------------------       ----        ----        ------- ----- ------------
_HEADER6               00000000    00000030 =          48. bytes (ABS,CON)

        Value  Global            Value  Global            Value  Global    
        -----  ------            -----  ------            -----  ------    
ASxxxx Linker V03.00 + NoICE + sdld,  page 12.
Hexadecimal  [32-Bits]

Area                       Addr        Size        Decimal Bytes (Attributes)
--------------------       ----        ----        ------- ----- ------------
_HEADER7               00000000    00000006 =           6. bytes (ABS,CON)

        Value  Global            Value  Global            Value  Global    
        -----  ------            -----  ------            -----  ------    
ASxxxx Linker V03.00 + NoICE + sdld,  page 13.
Hexadecimal  [32-Bits]

Area                       Addr        Size        Decimal Bytes (Attributes)
--------------------       ----        ----        ------- ----- ------------
_HEADER8               00000000    00000003 =           3. bytes (ABS,CON)

        Value  Global            Value  Global            Value  Global    
        -----  ------            -----  ------            -----  ------    
ASxxxx Linker V03.00 + NoICE + sdld,  page 14.
Hexadecimal  [32-Bits]

Area                       Addr        Size        Decimal Bytes (Attributes)
--------------------       ----        ----        ------- ----- ------------
_HEADER9               00000000    00000001 =           1. bytes (ABS,CON)

        Value  Global            Value  Global            Value  Global    
        -----  ------            -----  ------            -----  ------    
ASxxxx Linker V03.00 + NoICE + sdld,  page 15.
Hexadecimal  [32-Bits]

Area                       Addr        Size        Decimal Bytes (Attributes)
--------------------       ----        ----        ------- ----- ------------
_HEADERa               00000000    00000001 =           1. bytes (ABS,CON)

        Value  Global            Value  Global            Value  Global    
        -----  ------            -----  ------            -----  ------    
ASxxxx Linker V03.00 + NoICE + sdld,  page 16.
Hexadecimal  [32-Bits]

Area                       Addr        Size        Decimal Bytes (Attributes)
--------------------       ----        ----        ------- ----- ------------
_HEADERb               00000000    00000001 =           1. bytes (ABS,CON)

        Value  Global            Value  Global            Value  Global    
        -----  ------            -----  ------            -----  ------    
ASxxxx Linker V03.00 + NoICE + sdld,  page 17.
Hexadecimal  [32-Bits]

Area                       Addr        Size        Decimal Bytes (Attributes)
--------------------       ----        ----        ------- ----- ------------
_HEADERc               00000000    00000002 =           2. bytes (ABS,CON)

        Value  Global            Value  Global            Value  Global    
        -----  ------            -----  ------            -----  ------    
ASxxxx Linker V03.00 + NoICE + sdld,  page 18.
Hexadecimal  [32-Bits]

Area                       Addr        Size        Decimal Bytes (Attributes)
--------------------       ----        ----        ------- ----- ------------
_HEADERd               00000000    00000001 =           1. bytes (ABS,CON)

        Value  Global            Value  Global            Value  Global    
        -----  ------            -----  ------            -----  ------    
ASxxxx Linker V03.00 + NoICE + sdld,  page 19.
Hexadecimal  [32-Bits]

Area                       Addr        Size        Decimal Bytes (Attributes)
--------------------       ----        ----        ------- ----- ------------
_HEADERe               00000000    00000001 =           1. bytes (ABS,CON)

        Value  Global            Value  Global            Value  Global    
        -----  ------            -----  ------            -----  ------    
ASxxxx Linker V03.00 + NoICE + sdld,  page 20.
Hexadecimal  [32-Bits]

Area                       Addr        Size        Decimal Bytes (Attributes)
--------------------       ----        ----        ------- ----- ------------
_HEADERf               00000000    00000002 =           2. bytes (ABS,CON)

        Value  Global            Value  Global            Value  Global    
        -----  ------            -----  ------            -----  ------    
ASxxxx Linker V03.00 + NoICE + sdld,  page 21.
Hexadecimal  [32-Bits]

Area                       Addr        Size        Decimal Bytes (Attributes)
--------------------       ----        ----        ------- ----- ------------
_HEADER10              00000000    00000082 =         130. bytes (ABS,CON)

        Value  Global            Value  Global            Value  Global    
        -----  ------            -----  ------            -----  ------    
     00000150  .reset    |    00000150  _reset    |    00000157  .code_sta
     000001B7  _exit     |    000001BB  _set_inte
ASxxxx Linker V03.00 + NoICE + sdld,  page 22.
Hexadecimal  [32-Bits]

Area                       Addr        Size        Decimal Bytes (Attributes)
--------------------       ----        ----        ------- ----- ------------
_HEADER11              00000000    00000001 =           1. bytes (ABS,CON)

        Value  Global            Value  Global            Value  Global    
        -----  ------            -----  ------            -----  ------    
ASxxxx Linker V03.00 + NoICE + sdld,  page 23.
Hexadecimal  [32-Bits]

Area                       Addr        Size        Decimal Bytes (Attributes)
--------------------       ----        ----        ------- ----- ------------
_HOME                  0000073F    00000A7C =        2684. bytes (REL,CON)

        Value  Global            Value  Global            Value  Global    
        -----  ------            -----  ------            -----  ------    
     0000073F  .memset_s |    00000748  .memcpy_s |    00000765  .remove_V
     00000768  .remove_i |    00000785  .add_VBL  |    00000788  .add_int 
     00000793  .wait_vbl |    00000793  _wait_vbl |    000007A3  .display_
     000007A3  _display_ |    000007BB  _remove_V |    000007C6  _add_VBL 
     000007D1  _font_loa |    000007D8  font_load |    00000820  font_copy
     00000856  font_set  |    00000863  .put_char |    0000087B  .out_char
     00000881  .del_char |    000008D7  _putchar  |    000008E0  _setchar 
     000008E9  _font_loa |    000008F7  _font_set |    00000906  _font_ini
     00000925  .cls      |    00000925  _cls      |    00000947  _gotoxy  
     00000952  _posx     |    00000963  _posy     |    0000098B  .cr_curs 
     000009A0  .adv_curs |    000009FC  .tmode    |    00000A25  .tmode_ou
     00000A2E  _set_bkg_ |    00000A2E  _set_win_ |    00000A36  _set_spri
     00000A8E  _set_win_ |    00000AA2  _set_tile |    00000AA7  _set_bkg_
     00000AA7  _set_win_ |    00000AAF  _set_spri |    00000ADF  __mulsuch
     00000AE9  __mulusch |    00000AF3  __mulscha |    00000B05  __mulucha
     00000B11  __mulint  |    00000B37  .padup    |    00000B37  _waitpadu
     00000B47  .jpad     |    00000B47  _joypad   |    00000B6F  _waitpad 
     00000B72  .wait_pad |    00000B79  _color    |    00000B79  _set_1bpp
     00000B88  .drawing_ |    00000B93  .drawing_ |    00000BCF  _add_LCD 
     00000BDA  .add_LCD  |    00000BE0  _remove_L |    00000BEB  .remove_L
     00000BF1  _font_ibm |    00000FA3  _font_min |    0000114D  _set_bkg_
     00001161  .set_xy_w |    0000116A  .set_xy_b |    00001179  .set_xy_t
ASxxxx Linker V03.00 + NoICE + sdld,  page 24.
Hexadecimal  [32-Bits]

Area                       Addr        Size        Decimal Bytes (Attributes)
--------------------       ----        ----        ------- ----- ------------
_INITIALIZER           000011BB    00000018 =          24. bytes (REL,CON)

        Value  Global            Value  Global            Value  Global    
        -----  ------            -----  ------            -----  ------    
     000011BB  Fmain$__x |    000011C5  Fmain$__x |    000011C7  Fmain$__x
     000011C8  Fmain$__x |    000011C9  Fmain$__x |    000011CA  Fmain$__x
     000011CB  Fmain$__x |    000011CC  Fmain$__x
ASxxxx Linker V03.00 + NoICE + sdld,  page 25.
Hexadecimal  [32-Bits]

Area                       Addr        Size        Decimal Bytes (Attributes)
--------------------       ----        ----        ------- ----- ------------
_GSINIT                000011D3    0000000C =          12. bytes (REL,CON)

        Value  Global            Value  Global            Value  Global    
        -----  ------            -----  ------            -----  ------    
     000011D3  gsinit   
ASxxxx Linker V03.00 + NoICE + sdld,  page 26.
Hexadecimal  [32-Bits]

Area                       Addr        Size        Decimal Bytes (Attributes)
--------------------       ----        ----        ------- ----- ------------
_GSFINAL               000011DF    00000001 =           1. bytes (REL,CON)

        Value  Global            Value  Global            Value  Global    
        -----  ------            -----  ------            -----  ------    
ASxxxx Linker V03.00 + NoICE + sdld,  page 27.
Hexadecimal  [32-Bits]

Area                       Addr        Size        Decimal Bytes (Attributes)
--------------------       ----        ----        ------- ----- ------------
_DATA                  0000C0A0    0000003F =          63. bytes (REL,CON)

        Value  Global            Value  Global            Value  Global    
        -----  ------            -----  ------            -----  ------    
     0000C0A0  __cpu     |    0000C0A1  __is_GBA  |    0000C0A2  .mode    
     0000C0A3  .sys_time |    0000C0A3  _sys_time |    0000C0A5  .int_0x40
     0000C0B9  font_curr |    0000C0BC  font_firs |    0000C0BD  font_tabl
     0000C0CF  .int_0x48
ASxxxx Linker V03.00 + NoICE + sdld,  page 28.
Hexadecimal  [32-Bits]

Area                       Addr        Size        Decimal Bytes (Attributes)
--------------------       ----        ----        ------- ----- ------------
_INITIALIZED           0000C0DF    00000018 =          24. bytes (REL,CON)

        Value  Global            Value  Global            Value  Global    
        -----  ------            -----  ------            -----  ------    
     0000C0DF  G$windowm |    0000C0DF  _windowma |    0000C0E9  G$playerL
     0000C0E9  _playerLo |    0000C0EB  G$playerS |    0000C0EB  _playerSp
     0000C0EC  G$joypadS |    0000C0EC  _joypadSt |    0000C0ED  G$gravity
     0000C0ED  _gravity  |    0000C0EE  G$speed_f |    0000C0EE  _speed_fu
     0000C0EF  G$speedMo |    0000C0EF  _speedMod |    0000C0F0  G$ground$
     0000C0F0  _ground   |    0000C0F1  .curx     |    0000C0F2  .cury    
     0000C0F3  .fg_colou |    0000C0F3  __current |    0000C0F4  .bg_colou
     0000C0F5  .draw_mod |    0000C0F6  __map_til
ASxxxx Linker V03.00 + NoICE + sdld,  page 29.
Hexadecimal  [32-Bits]

Area                       Addr        Size        Decimal Bytes (Attributes)
--------------------       ----        ----        ------- ----- ------------
_HRAM12                00000000    00000003 =           3. bytes (ABS,CON)

        Value  Global            Value  Global            Value  Global    
        -----  ------            -----  ------            -----  ------    
     0000FF90  __current |    0000FF92  __shadow_
ASxxxx Linker V03.00 + NoICE + sdld,  page 30.
Hexadecimal  [32-Bits]

Area                       Addr        Size        Decimal Bytes (Attributes)
--------------------       ----        ----        ------- ----- ------------
_FONT_HEADER0          00000000    00000003 =           3. bytes (ABS,CON)

        Value  Global            Value  Global            Value  Global    
        -----  ------            -----  ------            -----  ------    
ASxxxx Linker V03.00 + NoICE + sdld,  page 31.
Hexadecimal  [32-Bits]

Area                       Addr        Size        Decimal Bytes (Attributes)
--------------------       ----        ----        ------- ----- ------------
_HEADER_LCD0           00000000    00000003 =           3. bytes (ABS,CON)

        Value  Global            Value  Global            Value  Global    
        -----  ------            -----  ------            -----  ------    
ASxxxx Linker V03.00 + NoICE + sdld,  page 32.

Files Linked                              [ module(s) ]

E:\Source\Repos\TouhouGBA\gb\resources\gbdk-win\lib/small/asxxxx/gb/crt0.o
                                          [ Runtime ]
C:\Users\liboz\AppData\Local\Temp/lcc113880.o
                                          [ main ]
C:\Users\liboz\AppData\Local\Temp/lcc113881.o
                                          [ map ]
C:\Users\liboz\AppData\Local\Temp/lcc113882.o
                                          [ sprite ]


Libraries Linked                          [ object file ]

E:\Source\Repos\TouhouGBA\gb\resources\gbdk-win\lib/small/asxxxx/gb/gb.lib
                                          [ font.o ]
E:\Source\Repos\TouhouGBA\gb\resources\gbdk-win\lib/small/asxxxx/gb/gb.lib
                                          [ set_1bit_data.o ]
E:\Source\Repos\TouhouGBA\gb\resources\gbdk-win\lib/small/asxxxx/gb/gb.lib
                                          [ sfr.o ]
E:\Source\Repos\TouhouGBA\gb\resources\gbdk-win\lib/small/asxxxx/gb/gb.lib
                                          [ set_wi_t.o ]
E:\Source\Repos\TouhouGBA\gb\resources\gbdk-win\lib/small/asxxxx/gb/gb.lib
                                          [ set_data.o ]
E:\Source\Repos\TouhouGBA\gb\resources\gbdk-win\lib/small/asxxxx/gbz80/gbz80.lib
                                          [ mul.o ]
E:\Source\Repos\TouhouGBA\gb\resources\gbdk-win\lib/small/asxxxx/gb/gb.lib
                                          [ pad.o ]
E:\Source\Repos\TouhouGBA\gb\resources\gbdk-win\lib/small/asxxxx/gb/gb.lib
                                          [ color.o ]
E:\Source\Repos\TouhouGBA\gb\resources\gbdk-win\lib/small/asxxxx/gb/gb.lib
                                          [ drawing_isr.o ]
E:\Source\Repos\TouhouGBA\gb\resources\gbdk-win\lib/small/asxxxx/gb/gb.lib
                                          [ lcd.o ]
E:\Source\Repos\TouhouGBA\gb\resources\gbdk-win\lib/small/asxxxx/gb/gb.lib
                                          [ f_ibm_sh.o ]
E:\Source\Repos\TouhouGBA\gb\resources\gbdk-win\lib/small/asxxxx/gb/gb.lib
                                          [ f_min.o ]
E:\Source\Repos\TouhouGBA\gb\resources\gbdk-win\lib/small/asxxxx/gb/gb.lib
                                          [ set_bk_t.o ]
E:\Source\Repos\TouhouGBA\gb\resources\gbdk-win\lib/small/asxxxx/gb/gb.lib
                                          [ set_xy_t.o ]

ASxxxx Linker V03.00 + NoICE + sdld,  page 33.

User Base Address Definitions

_DATA=0xC0A0
_CODE=0x0200
ASxxxx Linker V03.00 + NoICE + sdld,  page 34.

User Global Definitions

_shadow_OAM=0xC000
.STACK=0xE000
.refresh_OAM=0xFF80

