ASxxxx Linker V03.00 + NoICE + sdld,  page 1.
Hexadecimal  [32-Bits]

Area                       Addr        Size        Decimal Bytes (Attributes)
--------------------       ----        ----        ------- ----- ------------
.  .ABS.               00000000    00000000 =           0. bytes (ABS,CON)

        Value  Global            Value  Global            Value  Global    
        -----  ------            -----  ------            -----  ------    
     00000000  .__.ABS.  |    00000000  _rRAMG    |    00000000  l__BASE  
     00000000  l__BSS    |    00000000  l__CABS   |    00000000  l__CODE_0
     00000000  l__DABS   |    00000000  l__HEADER |    00000000  l__HEAP  
     00000000  l__HRAM   |    00000000  l__LIT    |    00000000  s__CABS  
     00000000  s__DABS   |    00000000  s__HEADER |    00000000  s__HEADER
     00000000  s__HEADER |    00000000  s__HEADER |    00000000  s__HEADER
     00000000  s__HEADER |    00000000  s__HEADER |    00000000  s__HEADER
     00000000  s__HEADER |    00000000  s__HEADER |    00000000  s__HEADER
     00000000  s__HEADER |    00000000  s__HEADER |    00000000  s__HEADER
     00000000  s__HEADER |    00000000  s__HEADER |    00000000  s__HEADER
     00000000  s__HEADER |    00000000  s__HEADER |    00000000  s__HRAM  
     00000000  s__HRAM12 |    00000001  l__GSFINA |    00000001  l__HEADER
     00000001  l__HEADER |    00000001  l__HEADER |    00000001  l__HEADER
     00000001  l__HEADER |    00000001  l__HEADER |    00000001  l__HEADER
     00000002  l__HEADER |    00000002  l__HEADER |    00000002  l__HEADER
     00000003  l__HEADER |    00000003  l__HRAM12 |    00000005  l__HEADER
     00000006  l__HEADER |    00000007  l__HEADER |    00000008  l__HEADER
     0000000C  l__GSINIT |    00000019  l__DATA   |    00000030  l__HEADER
     0000004E  l__HEADER |    00000082  l__HEADER |    000000EC  l__CODE  
     000001B0  l__HOME   |    00000200  s__CODE   |    000002EC  s__HOME  
     00000391  l__INITIA |    00000391  l__INITIA |    0000049C  s__BASE  
     0000049C  s__CODE_0 |    0000049C  s__INITIA |    0000049C  s__LIT   
     0000082D  s__GSINIT |    00000839  s__GSFINA |    00002000  _rROMB0  
     00003000  _rROMB1   |    00004000  _rRAMB    |    00008000  __VRAM   
     00008000  __VRAM800 |    00008800  __VRAM880 |    00009000  __VRAM900
     00009800  __SCRN0   |    00009C00  __SCRN1   |    0000A000  __SRAM   
     0000C000  __RAM     |    0000C000  _shadow_O |    0000C0A0  s__DATA  
     0000C0B9  s__BSS    |    0000C0B9  s__INITIA |    0000C44A  s__HEAP  
     0000D000  __RAMBANK |    0000E000  .STACK    |    0000FE00  __OAMRAM 
     0000FF00  _P1_REG   |    0000FF00  __IO      |    0000FF01  _SB_REG  
     0000FF02  _SC_REG   |    0000FF04  _DIV_REG  |    0000FF05  _TIMA_REG
     0000FF06  _TMA_REG  |    0000FF07  _TAC_REG  |    0000FF0F  _IF_REG  
     0000FF10  _NR10_REG |    0000FF11  _NR11_REG |    0000FF12  _NR12_REG
     0000FF13  _NR13_REG |    0000FF14  _NR14_REG |    0000FF16  _NR21_REG
     0000FF17  _NR22_REG |    0000FF18  _NR23_REG |    0000FF19  _NR24_REG
     0000FF1A  _NR30_REG |    0000FF1B  _NR31_REG |    0000FF1C  _NR32_REG
     0000FF1D  _NR33_REG |    0000FF1E  _NR34_REG |    0000FF20  _NR41_REG
     0000FF21  _NR42_REG |    0000FF22  _NR43_REG |    0000FF23  _NR44_REG
     0000FF24  _NR50_REG |    0000FF25  _NR51_REG |    0000FF26  _NR52_REG
     0000FF30  _AUD3WAVE |    0000FF30  _PCM_SAMP |    0000FF30  __AUD3WAV
     0000FF40  _LCDC_REG |    0000FF41  _STAT_REG |    0000FF42  _SCY_REG 
     0000FF43  _SCX_REG  |    0000FF44  _LY_REG   |    0000FF45  _LYC_REG 
     0000FF46  _DMA_REG  |    0000FF47  _BGP_REG  |    0000FF48  _OBP0_REG
     0000FF49  _OBP1_REG |    0000FF4A  _WY_REG   |    0000FF4B  _WX_REG  
     0000FF4D  _KEY1_REG |    0000FF4F  _VBK_REG  |    0000FF51  _HDMA1_RE
     0000FF52  _HDMA2_RE |    0000FF53  _HDMA3_RE |    0000FF54  _HDMA4_RE
     0000FF55  _HDMA5_RE |    0000FF56  _RP_REG   |    0000FF68  _BCPS_REG
     0000FF69  _BCPD_REG |    0000FF6A  _OCPS_REG |    0000FF6B  _OCPD_REG
     0000FF70  _SVBK_REG |    0000FF76  _PCM12_RE |    0000FF77  _PCM34_RE
     0000FF80  .refresh_ |    0000FF80  __HRAM    |    0000FFFF  _IE_REG  
ASxxxx Linker V03.00 + NoICE + sdld,  page 2.
Hexadecimal  [32-Bits]

Area                       Addr        Size        Decimal Bytes (Attributes)
--------------------       ----        ----        ------- ----- ------------
_CODE                  00000200    000000EC =         236. bytes (REL,CON)

        Value  Global            Value  Global            Value  Global    
        -----  ------            -----  ------            -----  ------    
     00000200  A$lcc1473 |    00000200  C$main.c$ |    00000200  C$main.c$
     00000200  G$init_so |    00000200  _init_sou |    00000202  A$lcc1473
     00000204  A$lcc1473 |    00000204  C$main.c$ |    00000206  A$lcc1473
     00000208  A$lcc1473 |    00000208  C$main.c$ |    0000020A  A$lcc1473
     0000020C  A$lcc1473 |    0000020C  C$main.c$ |    0000020C  XG$init_s
     0000020D  A$lcc1473 |    0000020D  C$main.c$ |    0000020D  C$main.c$
     0000020D  G$init_bg |    0000020D  _init_bg  |    00000210  A$lcc1473
     00000211  A$lcc1473 |    00000214  A$lcc1473 |    00000215  A$lcc1473
     00000218  A$lcc1473 |    0000021A  A$lcc1473 |    0000021A  C$main.c$
     0000021D  A$lcc1473 |    0000021E  A$lcc1473 |    00000221  A$lcc1473
     00000222  A$lcc1473 |    00000223  A$lcc1473 |    00000224  A$lcc1473
     00000225  A$lcc1473 |    00000228  A$lcc1473 |    0000022A  A$lcc1473
     0000022A  C$main.c$ |    0000022C  A$lcc1473 |    0000022E  A$lcc1473
     00000230  A$lcc1473 |    00000230  C$main.c$ |    00000232  A$lcc1473
     00000234  A$lcc1473 |    00000236  A$lcc1473 |    00000236  C$main.c$
     00000236  XG$init_b |    00000237  A$lcc1473 |    00000237  C$main.c$
     00000237  C$main.c$ |    00000237  G$init_sp |    00000237  _init_spr
     0000023A  A$lcc1473 |    0000023B  A$lcc1473 |    0000023E  A$lcc1473
     0000023F  A$lcc1473 |    00000242  A$lcc1473 |    00000244  A$lcc1473
     00000247  A$lcc1473 |    00000249  A$lcc1473 |    0000024C  A$lcc1473
     0000024E  A$lcc1473 |    0000024F  A$lcc1473 |    00000251  A$lcc1473
     00000251  C$main.c$ |    00000253  A$lcc1473 |    00000255  A$lcc1473
     00000257  A$lcc1473 |    00000257  C$main.c$ |    00000257  XG$init_s
     00000258  A$lcc1473 |    00000258  C$main.c$ |    00000258  C$main.c$
     00000258  G$main$0$ |    00000258  _main     |    0000025B  A$lcc1473
     0000025B  C$main.c$ |    0000025E  A$lcc1473 |    0000025E  C$main.c$
     00000261  A$lcc1473 |    00000261  C$main.c$ |    00000263  A$lcc1473
     00000263  C$main.c$ |    00000265  A$lcc1473 |    00000266  A$lcc1473
     00000268  A$lcc1473 |    0000026B  A$lcc1473 |    0000026C  A$lcc1473
     0000026C  C$main.c$ |    0000026F  A$lcc1473 |    00000270  A$lcc1473
     00000272  A$lcc1473 |    00000274  A$lcc1473 |    00000276  A$lcc1473
     00000278  A$lcc1473 |    0000027A  A$lcc1473 |    0000027C  A$lcc1473
     0000027E  A$lcc1473 |    00000280  A$lcc1473 |    00000282  A$lcc1473
     00000284  A$lcc1473 |    00000286  A$lcc1473 |    00000288  A$lcc1473
     0000028A  A$lcc1473 |    0000028C  A$lcc1473 |    0000028E  A$lcc1473
     0000028E  C$main.c$ |    00000291  A$lcc1473 |    00000292  A$lcc1473
     00000293  A$lcc1473 |    00000294  A$lcc1473 |    00000295  A$lcc1473
     00000297  A$lcc1473 |    00000298  A$lcc1473 |    00000298  C$main.c$
     0000029A  A$lcc1473 |    0000029A  C$main.c$ |    0000029D  A$lcc1473
     0000029E  A$lcc1473 |    0000029F  A$lcc1473 |    000002A0  A$lcc1473
     000002A1  A$lcc1473 |    000002A3  A$lcc1473 |    000002A4  A$lcc1473
     000002A4  C$main.c$ |    000002A6  A$lcc1473 |    000002A6  C$main.c$
     000002A9  A$lcc1473 |    000002AA  A$lcc1473 |    000002AC  A$lcc1473
     000002AD  A$lcc1473 |    000002AE  A$lcc1473 |    000002AF  A$lcc1473
     000002B0  A$lcc1473 |    000002B0  C$main.c$ |    000002B2  A$lcc1473
     000002B2  C$main.c$ |    000002B5  A$lcc1473 |    000002B6  A$lcc1473
     000002B8  A$lcc1473 |    000002B9  A$lcc1473 |    000002BA  A$lcc1473
     000002BB  A$lcc1473 |    000002BC  A$lcc1473 |    000002BC  C$main.c$
     000002BE  A$lcc1473 |    000002BE  C$main.c$ |    000002BE  C$main.c$
     000002C0  A$lcc1473 |    000002C2  A$lcc1473 |    000002C2  C$main.c$
ASxxxx Linker V03.00 + NoICE + sdld,  page 3.
Hexadecimal  [32-Bits]

Area                       Addr        Size        Decimal Bytes (Attributes)
--------------------       ----        ----        ------- ----- ------------
_CODE                  00000200    000000EC =         236. bytes (REL,CON)

        Value  Global            Value  Global            Value  Global    
        -----  ------            -----  ------            -----  ------    
     000002C4  A$lcc1473 |    000002C6  A$lcc1473 |    000002C6  C$main.c$
     000002C8  A$lcc1473 |    000002CA  A$lcc1473 |    000002CA  C$main.c$
     000002CB  A$lcc1473 |    000002CD  A$lcc1473 |    000002CD  C$main.c$
     000002CF  A$lcc1473 |    000002D1  A$lcc1473 |    000002D1  C$main.c$
     000002D3  A$lcc1473 |    000002D3  C$main.c$ |    000002D3  C$main.c$
     000002D4  A$lcc1473 |    000002D5  A$lcc1473 |    000002D7  A$lcc1473
     000002DA  A$lcc1473 |    000002DC  A$lcc1473 |    000002DF  A$lcc1473
     000002DF  C$main.c$ |    000002DF  C$main.c$ |    000002E0  A$lcc1473
     000002E3  A$lcc1473 |    000002E4  A$lcc1473 |    000002E7  A$lcc1473
     000002E8  A$lcc1473 |    000002E9  A$lcc1473 |    000002E9  C$main.c$
     000002E9  XG$main$0
ASxxxx Linker V03.00 + NoICE + sdld,  page 4.
Hexadecimal  [32-Bits]

Area                       Addr        Size        Decimal Bytes (Attributes)
--------------------       ----        ----        ------- ----- ------------
_HEADER0               00000000    00000001 =           1. bytes (ABS,CON)

        Value  Global            Value  Global            Value  Global    
        -----  ------            -----  ------            -----  ------    
     00000020  .call_hl 
ASxxxx Linker V03.00 + NoICE + sdld,  page 5.
Hexadecimal  [32-Bits]

Area                       Addr        Size        Decimal Bytes (Attributes)
--------------------       ----        ----        ------- ----- ------------
_HEADER1               00000000    00000005 =           5. bytes (ABS,CON)

        Value  Global            Value  Global            Value  Global    
        -----  ------            -----  ------            -----  ------    
     00000028  .MemsetSm
ASxxxx Linker V03.00 + NoICE + sdld,  page 6.
Hexadecimal  [32-Bits]

Area                       Addr        Size        Decimal Bytes (Attributes)
--------------------       ----        ----        ------- ----- ------------
_HEADER2               00000000    00000007 =           7. bytes (ABS,CON)

        Value  Global            Value  Global            Value  Global    
        -----  ------            -----  ------            -----  ------    
     00000030  .MemcpySm
ASxxxx Linker V03.00 + NoICE + sdld,  page 7.
Hexadecimal  [32-Bits]

Area                       Addr        Size        Decimal Bytes (Attributes)
--------------------       ----        ----        ------- ----- ------------
_HEADER3               00000000    00000008 =           8. bytes (ABS,CON)

        Value  Global            Value  Global            Value  Global    
        -----  ------            -----  ------            -----  ------    
ASxxxx Linker V03.00 + NoICE + sdld,  page 8.
Hexadecimal  [32-Bits]

Area                       Addr        Size        Decimal Bytes (Attributes)
--------------------       ----        ----        ------- ----- ------------
_HEADER4               00000000    0000004E =          78. bytes (ABS,CON)

        Value  Global            Value  Global            Value  Global    
        -----  ------            -----  ------            -----  ------    
     00000080  .int      |    0000008F  _wait_int |    0000009C  __standar
     000000AC  _refresh_
ASxxxx Linker V03.00 + NoICE + sdld,  page 9.
Hexadecimal  [32-Bits]

Area                       Addr        Size        Decimal Bytes (Attributes)
--------------------       ----        ----        ------- ----- ------------
_HEADER5               00000000    00000002 =           2. bytes (ABS,CON)

        Value  Global            Value  Global            Value  Global    
        -----  ------            -----  ------            -----  ------    
ASxxxx Linker V03.00 + NoICE + sdld,  page 10.
Hexadecimal  [32-Bits]

Area                       Addr        Size        Decimal Bytes (Attributes)
--------------------       ----        ----        ------- ----- ------------
_HEADER6               00000000    00000030 =          48. bytes (ABS,CON)

        Value  Global            Value  Global            Value  Global    
        -----  ------            -----  ------            -----  ------    
ASxxxx Linker V03.00 + NoICE + sdld,  page 11.
Hexadecimal  [32-Bits]

Area                       Addr        Size        Decimal Bytes (Attributes)
--------------------       ----        ----        ------- ----- ------------
_HEADER7               00000000    00000006 =           6. bytes (ABS,CON)

        Value  Global            Value  Global            Value  Global    
        -----  ------            -----  ------            -----  ------    
ASxxxx Linker V03.00 + NoICE + sdld,  page 12.
Hexadecimal  [32-Bits]

Area                       Addr        Size        Decimal Bytes (Attributes)
--------------------       ----        ----        ------- ----- ------------
_HEADER8               00000000    00000003 =           3. bytes (ABS,CON)

        Value  Global            Value  Global            Value  Global    
        -----  ------            -----  ------            -----  ------    
ASxxxx Linker V03.00 + NoICE + sdld,  page 13.
Hexadecimal  [32-Bits]

Area                       Addr        Size        Decimal Bytes (Attributes)
--------------------       ----        ----        ------- ----- ------------
_HEADER9               00000000    00000001 =           1. bytes (ABS,CON)

        Value  Global            Value  Global            Value  Global    
        -----  ------            -----  ------            -----  ------    
ASxxxx Linker V03.00 + NoICE + sdld,  page 14.
Hexadecimal  [32-Bits]

Area                       Addr        Size        Decimal Bytes (Attributes)
--------------------       ----        ----        ------- ----- ------------
_HEADERa               00000000    00000001 =           1. bytes (ABS,CON)

        Value  Global            Value  Global            Value  Global    
        -----  ------            -----  ------            -----  ------    
ASxxxx Linker V03.00 + NoICE + sdld,  page 15.
Hexadecimal  [32-Bits]

Area                       Addr        Size        Decimal Bytes (Attributes)
--------------------       ----        ----        ------- ----- ------------
_HEADERb               00000000    00000001 =           1. bytes (ABS,CON)

        Value  Global            Value  Global            Value  Global    
        -----  ------            -----  ------            -----  ------    
ASxxxx Linker V03.00 + NoICE + sdld,  page 16.
Hexadecimal  [32-Bits]

Area                       Addr        Size        Decimal Bytes (Attributes)
--------------------       ----        ----        ------- ----- ------------
_HEADERc               00000000    00000002 =           2. bytes (ABS,CON)

        Value  Global            Value  Global            Value  Global    
        -----  ------            -----  ------            -----  ------    
ASxxxx Linker V03.00 + NoICE + sdld,  page 17.
Hexadecimal  [32-Bits]

Area                       Addr        Size        Decimal Bytes (Attributes)
--------------------       ----        ----        ------- ----- ------------
_HEADERd               00000000    00000001 =           1. bytes (ABS,CON)

        Value  Global            Value  Global            Value  Global    
        -----  ------            -----  ------            -----  ------    
ASxxxx Linker V03.00 + NoICE + sdld,  page 18.
Hexadecimal  [32-Bits]

Area                       Addr        Size        Decimal Bytes (Attributes)
--------------------       ----        ----        ------- ----- ------------
_HEADERe               00000000    00000001 =           1. bytes (ABS,CON)

        Value  Global            Value  Global            Value  Global    
        -----  ------            -----  ------            -----  ------    
ASxxxx Linker V03.00 + NoICE + sdld,  page 19.
Hexadecimal  [32-Bits]

Area                       Addr        Size        Decimal Bytes (Attributes)
--------------------       ----        ----        ------- ----- ------------
_HEADERf               00000000    00000002 =           2. bytes (ABS,CON)

        Value  Global            Value  Global            Value  Global    
        -----  ------            -----  ------            -----  ------    
ASxxxx Linker V03.00 + NoICE + sdld,  page 20.
Hexadecimal  [32-Bits]

Area                       Addr        Size        Decimal Bytes (Attributes)
--------------------       ----        ----        ------- ----- ------------
_HEADER10              00000000    00000082 =         130. bytes (ABS,CON)

        Value  Global            Value  Global            Value  Global    
        -----  ------            -----  ------            -----  ------    
     00000150  .reset    |    00000150  _reset    |    00000157  .code_sta
     000001B7  _exit     |    000001BB  _set_inte
ASxxxx Linker V03.00 + NoICE + sdld,  page 21.
Hexadecimal  [32-Bits]

Area                       Addr        Size        Decimal Bytes (Attributes)
--------------------       ----        ----        ------- ----- ------------
_HEADER11              00000000    00000001 =           1. bytes (ABS,CON)

        Value  Global            Value  Global            Value  Global    
        -----  ------            -----  ------            -----  ------    
ASxxxx Linker V03.00 + NoICE + sdld,  page 22.
Hexadecimal  [32-Bits]

Area                       Addr        Size        Decimal Bytes (Attributes)
--------------------       ----        ----        ------- ----- ------------
_HOME                  000002EC    000001B0 =         432. bytes (REL,CON)

        Value  Global            Value  Global            Value  Global    
        -----  ------            -----  ------            -----  ------    
     000002EC  .memset_s |    000002F5  .memcpy_s |    00000312  .remove_V
     00000315  .remove_i |    00000332  .add_VBL  |    00000335  .add_int 
     00000340  .wait_vbl |    00000340  _wait_vbl |    00000350  .display_
     00000350  _display_ |    00000368  _remove_V |    00000373  _add_VBL 
     0000037E  _set_tile |    00000383  _set_bkg_ |    00000383  _set_win_
     0000038B  _set_spri |    000003BB  .padup    |    000003BB  _waitpadu
     000003CB  .jpad     |    000003CB  _joypad   |    000003F3  _waitpad 
     000003F6  .wait_pad |    000003FD  _delay    |    00000402  .delay   
     0000042E  _set_bkg_ |    00000442  .set_xy_w |    0000044B  .set_xy_b
     0000045A  .set_xy_t
ASxxxx Linker V03.00 + NoICE + sdld,  page 23.
Hexadecimal  [32-Bits]

Area                       Addr        Size        Decimal Bytes (Attributes)
--------------------       ----        ----        ------- ----- ------------
_INITIALIZER           0000049C    00000391 =         913. bytes (REL,CON)

        Value  Global            Value  Global            Value  Global    
        -----  ------            -----  ------            -----  ------    
     0000049C  Fmap$__xi |    0000076C  Fsprite$_
ASxxxx Linker V03.00 + NoICE + sdld,  page 24.
Hexadecimal  [32-Bits]

Area                       Addr        Size        Decimal Bytes (Attributes)
--------------------       ----        ----        ------- ----- ------------
_GSINIT                0000082D    0000000C =          12. bytes (REL,CON)

        Value  Global            Value  Global            Value  Global    
        -----  ------            -----  ------            -----  ------    
     0000082D  gsinit   
ASxxxx Linker V03.00 + NoICE + sdld,  page 25.
Hexadecimal  [32-Bits]

Area                       Addr        Size        Decimal Bytes (Attributes)
--------------------       ----        ----        ------- ----- ------------
_GSFINAL               00000839    00000001 =           1. bytes (REL,CON)

        Value  Global            Value  Global            Value  Global    
        -----  ------            -----  ------            -----  ------    
ASxxxx Linker V03.00 + NoICE + sdld,  page 26.
Hexadecimal  [32-Bits]

Area                       Addr        Size        Decimal Bytes (Attributes)
--------------------       ----        ----        ------- ----- ------------
_DATA                  0000C0A0    00000019 =          25. bytes (REL,CON)

        Value  Global            Value  Global            Value  Global    
        -----  ------            -----  ------            -----  ------    
     0000C0A0  __cpu     |    0000C0A1  __is_GBA  |    0000C0A2  .mode    
     0000C0A3  .sys_time |    0000C0A3  _sys_time |    0000C0A5  .int_0x40
ASxxxx Linker V03.00 + NoICE + sdld,  page 27.
Hexadecimal  [32-Bits]

Area                       Addr        Size        Decimal Bytes (Attributes)
--------------------       ----        ----        ------- ----- ------------
_INITIALIZED           0000C0B9    00000391 =         913. bytes (REL,CON)

        Value  Global            Value  Global            Value  Global    
        -----  ------            -----  ------            -----  ------    
     0000C0B9  G$map$0_0 |    0000C0B9  _map      |    0000C389  G$tiles$0
     0000C389  _tiles    |    0000C449  __map_til
ASxxxx Linker V03.00 + NoICE + sdld,  page 28.
Hexadecimal  [32-Bits]

Area                       Addr        Size        Decimal Bytes (Attributes)
--------------------       ----        ----        ------- ----- ------------
_HRAM12                00000000    00000003 =           3. bytes (ABS,CON)

        Value  Global            Value  Global            Value  Global    
        -----  ------            -----  ------            -----  ------    
     0000FF90  __current |    0000FF92  __shadow_
ASxxxx Linker V03.00 + NoICE + sdld,  page 29.

Files Linked                              [ module(s) ]

E:\Source\Repos\TouhouGBA\gb\resources\gbdk-win\lib/small/asxxxx/gb/crt0.o
                                          [ Runtime ]
C:\Users\liboz\AppData\Local\Temp/lcc147320.o
                                          [ main ]
C:\Users\liboz\AppData\Local\Temp/lcc147321.o
                                          [ map ]
C:\Users\liboz\AppData\Local\Temp/lcc147322.o
                                          [ sprite ]


Libraries Linked                          [ object file ]

E:\Source\Repos\TouhouGBA\gb\resources\gbdk-win\lib/small/asxxxx/gb/gb.lib
                                          [ sfr.o ]
E:\Source\Repos\TouhouGBA\gb\resources\gbdk-win\lib/small/asxxxx/gb/gb.lib
                                          [ set_data.o ]
E:\Source\Repos\TouhouGBA\gb\resources\gbdk-win\lib/small/asxxxx/gb/gb.lib
                                          [ pad.o ]
E:\Source\Repos\TouhouGBA\gb\resources\gbdk-win\lib/small/asxxxx/gb/gb.lib
                                          [ delay.o ]
E:\Source\Repos\TouhouGBA\gb\resources\gbdk-win\lib/small/asxxxx/gb/gb.lib
                                          [ set_bk_t.o ]
E:\Source\Repos\TouhouGBA\gb\resources\gbdk-win\lib/small/asxxxx/gb/gb.lib
                                          [ set_xy_t.o ]

ASxxxx Linker V03.00 + NoICE + sdld,  page 30.

User Base Address Definitions

_DATA=0xC0A0
_CODE=0x0200
ASxxxx Linker V03.00 + NoICE + sdld,  page 31.

User Global Definitions

_shadow_OAM=0xC000
.STACK=0xE000
.refresh_OAM=0xFF80

